 ebootsd

 Timestamp is 520ddf96 (Fri Aug 16 16:15:18 2013)

 Preferred load address is 00000000

 Start         Length     Name                   Class
 0001:00000000 00000250H .astart                 CODE
 0001:00000250 0000c844H .rdata                  CODE
 0001:0000ca94 00000024H .rdata$debug            CODE
 0001:0000cab8 00019394H .text                   CODE
 0001:00025e4c 00000064H .xdata                  CODE
 0001:00025eb0 00000000H .edata                  CODE
 0002:00000000 0000110bH .data                   DATA
 0002:00001120 0003fbf8H .bss                    DATA
 0003:00000000 00000db8H .pdata                  DATA

  Address         Publics by Value              Rva+Base       Lib:Object

 0000:00000000       ___safe_se_handler_table   00000000     <absolute>
 0000:00000000       ___safe_se_handler_count   00000000     <absolute>
 0001:00000000       StartUp                    00001000 f   startup.obj
 0001:000000e0       g_oalAddressTable          000010e0     startup.obj
 0001:00000188       g_oalAddressTableHynix     00001188     startup.obj
 0001:0000026c       ??_C@_1CK@GNCLKLEF@?$AAN?$AAK?$AA?5?$AAf?$AAr?$AAo?$AAm?$AA?5?$AAS?$AAD?$AAC?$AAa?$AAr?$AAd?$AA?5?$AAF?$AAI?$AAL?$AAE?$AA?5?$AA?$AA@ 0000126c     main.obj
 0001:00000298       ??_C@_1BK@NKDLNHPK@?$AAU?$AAS?$AAB?$AAF?$AAn?$AA?5?$AAR?$AAN?$AAD?$AAI?$AAS?$AA?5?$AA?$AA@ 00001298     main.obj
 0001:000002b4       ??_C@_1BI@OOCKPHGK@?$AAL?$AAA?$AAN?$AA9?$AA1?$AA1?$AA5?$AA?5?$AAM?$AAA?$AAC?$AA?$AA@ 000012b4     main.obj
 0001:00000360       dwEbootECCtype             00001360     main.obj
 0001:00000510       ??_C@_1DO@MGHPPPEE@?$AAT?$AAP?$AAS?$AA6?$AA5?$AA9?$AAX?$AAX?$AA?5?$AAV?$AAe?$AAr?$AAs?$AAi?$AAo?$AAn?$AA?5?$AA0?$AAx?$AA?$CF?$AA0?$AA2?$AAx?$AA?5?$AA?$CI?$AA?$CF?$AAs?$AA?$CJ?$AA?$AN?$AA?6?$AA?$AA@ 00001510     main.obj
 0001:00000550       ??_C@_1M@OIJGKENB@?$AAE?$AAS?$AA1?$AA?4?$AA3?$AA?$AA@ 00001550     main.obj
 0001:00000560       ??_C@_1EE@KGKCAFPP@?$AAI?$AAN?$AAF?$AAO?$AA?3?$AA?5?$AAU?$AAn?$AAK?$AAn?$AAo?$AAw?$AAn?$AA?5?$AAC?$AAP?$AAU?$AA?5?$AAf?$AAa?$AAm?$AAi?$AAl?$AAy?$AA?3?$AA?$CF?$AAd?$AA?4?$AA?4?$AA?4?$AA?4?$AA?$AN@ 00001560     main.obj
 0001:000005a4       ??_C@_08DGJGOJCE@EVM3530?9?$AA@ 000015a4     main.obj
 0001:000005b0       ??_C@_08EMFGLKEE@EVM3730?9?$AA@ 000015b0     main.obj
 0001:000005c0       ??_C@_1EE@EMFEEPJF@?$AA?$AN?$AA?6?$AAT?$AAI?$AA?5?$AAO?$AAM?$AAA?$AAP?$AA?$CF?$AAx?$AA?5?$AAV?$AAe?$AAr?$AAs?$AAi?$AAo?$AAn?$AA?5?$AA0?$AAx?$AA?$CF?$AA0?$AA8?$AAx?$AA?5?$AA?$CI?$AA?$CF?$AAs?$AA?$CJ?$AA?$AN@ 000015c0     main.obj
 0001:00000604       ??_C@_1BA@LEPJIIOK@?$AAU?$AAn?$AAk?$AAn?$AAo?$AAw?$AAn?$AA?$AA@ 00001604     main.obj
 0001:00000614       ??_C@_1M@FACKMDLE@?$AAE?$AAS?$AA1?$AA?4?$AA2?$AA?$AA@ 00001614     main.obj
 0001:00000620       ??_C@_1M@ECJPGMFK@?$AAE?$AAS?$AA1?$AA?4?$AA1?$AA?$AA@ 00001620     main.obj
 0001:0000062c       ??_C@_1M@LKGLCH@?$AAE?$AAS?$AA3?$AA?4?$AA1?$AA?$AA@ 0000162c     main.obj
 0001:00000638       ??_C@_1M@LIAGAMEC@?$AAE?$AAS?$AA3?$AA?4?$AA0?$AA?$AA@ 00001638     main.obj
 0001:00000644       ??_C@_1DO@OPHFFOFA@?$AAE?$AAS?$AA2?$AA?4?$AA1?$AA?0?$AA?5?$AAI?$AAD?$AA?5?$AAd?$AAe?$AAt?$AAe?$AAr?$AAm?$AAi?$AAn?$AAe?$AAd?$AA?5?$AAu?$AAs?$AAi?$AAn?$AAg?$AA?5?$AAC?$AAR?$AAC?$AA?$AA@ 00001644     main.obj
 0001:00000684       ??_C@_1DO@OONAPHOG@?$AAE?$AAS?$AA2?$AA?4?$AA0?$AA?0?$AA?5?$AAI?$AAD?$AA?5?$AAd?$AAe?$AAt?$AAe?$AAr?$AAm?$AAi?$AAn?$AAe?$AAd?$AA?5?$AAu?$AAs?$AAi?$AAn?$AAg?$AA?5?$AAC?$AAR?$AAC?$AA?$AA@ 00001684     main.obj
 0001:000006c4       ??_C@_1M@MMBAGLLJ@?$AAE?$AAS?$AA2?$AA?4?$AA1?$AA?$AA@ 000016c4     main.obj
 0001:000006d0       ??_C@_1M@HEKMAMNM@?$AAE?$AAS?$AA2?$AA?4?$AA0?$AA?$AA@ 000016d0     main.obj
 0001:000006dc       ??_C@_1M@PKCDALDP@?$AAE?$AAS?$AA1?$AA?4?$AA0?$AA?$AA@ 000016dc     main.obj
 0001:000006e8       ??_C@_08KMJDNNEJ@16?315?310?$AA@ 000016e8     main.obj
 0001:000006f4       ??_C@_0M@GOCDJOHJ@Aug?516?52013?$AA@ 000016f4     main.obj
 0001:00000700       ??_C@_1IO@IGLADHOM@?$AAZ?$AAE?$AAB?$AAE?$AAX?$AA?5?$AAW?$AAi?$AAn?$AAd?$AAo?$AAw?$AAs?$AA?5?$AAC?$AAE?$AA?5?$AAE?$AAB?$AAO?$AAO?$AAT?$AA?5?$AAf?$AAo?$AAr?$AA?5?$AAZ?$AA?9?$AA2?$AA1?$AA7@ 00001700     main.obj
 0001:00000790       ??_C@_1CK@FDDKFJJE@?$AA?9?$AAO?$AAE?$AAM?$AAM?$AAu?$AAl?$AAt?$AAi?$AAB?$AAi?$AAn?$AAN?$AAo?$AAt?$AAi?$AAf?$AAy?$AA?$AN?$AA?6?$AA?$AA@ 00001790     main.obj
 0001:000007bc       ??_C@_1CG@JHMEBKAH@?$AAS?$AAp?$AAi?$AAn?$AA?5?$AAf?$AAo?$AAr?$AA?5?$AAe?$AAv?$AAe?$AAr?$AA?4?$AA?4?$AA?4?$AA?$AN?$AA?6?$AA?$AA@ 000017bc     main.obj
 0001:000007e4       ??_C@_1DC@FNKKGJOD@?$AAD?$AAo?$AAw?$AAn?$AAl?$AAo?$AAa?$AAd?$AA?5?$AAf?$AAi?$AAl?$AAe?$AA?5?$AAt?$AAy?$AAp?$AAe?$AA?3?$AA?5?$AA?$CF?$AAd?$AA?$AN?$AA?6?$AA?$AA@ 000017e4     main.obj
 0001:00000818       ??_C@_1DM@CJMKOEPD@?$AAU?$AAn?$AAs?$AAu?$AAp?$AAp?$AAo?$AAr?$AAt?$AAe?$AAd?$AA?5?$AAd?$AAo?$AAw?$AAn?$AAl?$AAo?$AAa?$AAd?$AAe?$AAd?$AA?5?$AAf?$AAi?$AAl?$AAe?$AA?$AN?$AA?6?$AA?$AA@ 00001818     main.obj
 0001:00000854       ??_C@_08CMMENMPK@logo?4nb0?$AA@ 00001854     main.obj
 0001:00000860       ??_C@_1FC@BJIBFLEA@?$AAE?$AAR?$AAR?$AAO?$AAR?$AA?3?$AA?5?$AAM?$AAu?$AAl?$AAt?$AAi?$AAX?$AAI?$AAP?$AA?5?$AAi?$AAm?$AAa?$AAg?$AAe?$AA?5?$AAi?$AAs?$AA?5?$AAn?$AAo?$AAt?$AA?5?$AAs?$AAu?$AAp@ 00001860     main.obj
 0001:000008b8       ??_C@_1GG@NLHBBJNL@?$AA?$FL?$AA?$CF?$AAd?$AA?$FN?$AA?3?$AA?5?$AAA?$AAd?$AAd?$AAr?$AAe?$AAs?$AAs?$AA?$DN?$AA0?$AAx?$AA?$CF?$AA0?$AA8?$AAx?$AA?5?$AA?5?$AAL?$AAe?$AAn?$AAg?$AAt?$AAh?$AA?$DN?$AA0?$AAx?$AA?$CF@ 000018b8     main.obj
 0001:00000920       ??_C@_1HM@MNPMBDFE@?$AA?9?$AA?9?$AA?9?$AA?9?$AA?9?$AA?9?$AA?9?$AA?9?$AA?9?$AA?9?$AA?9?$AA?9?$AA?9?$AA?9?$AA?9?$AA?9?$AA?9?$AA?9?$AA?9?$AA?9?$AA?9?$AA?9?$AA?9?$AA?9?$AA?9?$AA?9?$AA?9?$AA?9?$AA?9?$AA?9?$AA?9?$AA?9@ 00001920     main.obj
 0001:0000099c       ??_C@_1DK@OFMGKCPE@?$AAD?$AAo?$AAw?$AAn?$AAl?$AAo?$AAa?$AAd?$AA?5?$AAf?$AAi?$AAl?$AAe?$AA?5?$AAi?$AAn?$AAf?$AAo?$AAr?$AAm?$AAa?$AAt?$AAi?$AAo?$AAn?$AA?3?$AA?$AN?$AA?6?$AA?$AA@ 0000199c     main.obj
 0001:000009d8       ??_C@_1GC@BMCFFGLH@?$AAE?$AAR?$AAR?$AAO?$AAR?$AA?3?$AA?5?$AAO?$AAE?$AAM?$AAM?$AAa?$AAp?$AAM?$AAe?$AAm?$AAA?$AAd?$AAd?$AAr?$AA?3?$AA?5?$AAI?$AAn?$AAv?$AAa?$AAl?$AAi?$AAd?$AA?5?$AAd?$AAo@ 000019d8     main.obj
 0001:00000a3c       ??_C@_1DG@FBKAGMKG@?$AA?9?$AAO?$AAE?$AAM?$AAI?$AAs?$AAF?$AAl?$AAa?$AAs?$AAh?$AAA?$AAd?$AAd?$AAr?$AA?$CI?$AAr?$AAc?$AA?5?$AA?$DN?$AA?5?$AA?$CF?$AAd?$AA?$CJ?$AA?$AN?$AA?6?$AA?$AA@ 00001a3c     main.obj
 0001:00000a74       ??_C@_1DE@JMLJAABG@?$AA?$CL?$AAO?$AAE?$AAM?$AAI?$AAs?$AAF?$AAl?$AAa?$AAs?$AAh?$AAA?$AAd?$AAd?$AAr?$AA?$CI?$AA0?$AAx?$AA?$CF?$AA0?$AA8?$AAx?$AA?$CJ?$AA?$AN?$AA?6?$AA?$AA@ 00001a74     main.obj
 0001:00000aa8       ??_C@_13JOFGPIOO@?$AA?4?$AA?$AA@ 00001aa8     main.obj
 0001:00000ab0       ??_C@_1KM@MLNPCLLF@?$AA?$AN?$AA?6?$AA?$DO?$AA?$DO?$AA?$DO?$AA?5?$AAF?$AAo?$AAr?$AAc?$AAi?$AAn?$AAg?$AA?5?$AAc?$AAo?$AAl?$AAd?$AA?5?$AAb?$AAo?$AAo?$AAt?$AA?5?$AA?$CI?$AAn?$AAo?$AAn?$AA?9?$AAp?$AAe?$AAr@ 00001ab0     main.obj
 0001:00000b5c       ??_C@_1O@HJKNOJA@?$AAn?$AAk?$AA?4?$AAb?$AAi?$AAn?$AA?$AA@ 00001b5c     main.obj
 0001:00000b70       ??_C@_1EC@IFKCAMGN@?$AAI?$AAN?$AAF?$AAO?$AA?3?$AA?5?$AAS?$AAW?$AA4?$AA?5?$AAb?$AAo?$AAo?$AAt?$AA?5?$AAs?$AAe?$AAt?$AAt?$AAi?$AAn?$AAg?$AA?3?$AA?5?$AA0?$AAx?$AA?$CF?$AA0?$AA2?$AAx?$AA?$AN?$AA?6@ 00001b70     main.obj
 0001:00000bb8       ??_C@_1GC@MEIINOMM@?$AAW?$AAA?$AAR?$AAN?$AA?3?$AA?5?$AAB?$AAo?$AAo?$AAt?$AA?5?$AAc?$AAo?$AAn?$AAf?$AAi?$AAg?$AA?5?$AAw?$AAa?$AAs?$AAn?$AA?8?$AAt?$AA?5?$AAf?$AAo?$AAu?$AAn?$AAd?$AA?0?$AA?5@ 00001bb8     main.obj
 0001:00000c20       ??_C@_1EC@IBPJNEAL@?$AAI?$AAN?$AAF?$AAO?$AA?3?$AA?5?$AAB?$AAo?$AAo?$AAt?$AA?5?$AAc?$AAo?$AAn?$AAf?$AAi?$AAg?$AAu?$AAr?$AAa?$AAt?$AAi?$AAo?$AAn?$AA?5?$AAf?$AAo?$AAu?$AAn?$AAd?$AA?$AN?$AA?6@ 00001c20     main.obj
 0001:00000c64       ??_C@_1DG@MGGFAEHB@?$AAI?$AAN?$AAF?$AAO?$AA?3?$AA?5?$AAP?$AAr?$AAe?$AAd?$AAo?$AAw?$AAn?$AAl?$AAo?$AAa?$AAd?$AA?4?$AA?4?$AA?4?$AA?4?$AA?4?$AA?4?$AA?4?$AA?$AN?$AA?6?$AA?$AA@ 00001c64     main.obj
 0001:00000ca0       ??_C@_1GI@OMOEGIPN@?$AAL?$AAa?$AAu?$AAn?$AAc?$AAh?$AA?5?$AAW?$AAi?$AAn?$AAd?$AAo?$AAw?$AAs?$AA?5?$AAC?$AAE?$AA?5?$AAi?$AAm?$AAa?$AAg?$AAe?$AA?5?$AAb?$AAy?$AA?5?$AAj?$AAu?$AAm?$AAp?$AAi@ 00001ca0     main.obj
 0001:00000d08       ??_C@_1HO@MGHNOKAM@?$AAE?$AAR?$AAR?$AAO?$AAR?$AA?3?$AA?5?$AAO?$AAE?$AAM?$AAL?$AAa?$AAu?$AAn?$AAc?$AAh?$AA?3?$AA?5?$AAU?$AAn?$AAk?$AAn?$AAo?$AAw?$AAn?$AA?5?$AAi?$AAm?$AAa?$AAg?$AAe?$AA?5@ 00001d08     main.obj
 0001:00000d88       ??_C@_1GA@LEGMELFL@?$AAI?$AAN?$AAF?$AAO?$AA?3?$AA?5?$AAX?$AAL?$AAD?$AAR?$AA?1?$AAE?$AAB?$AAO?$AAO?$AAT?$AA?1?$AAI?$AAP?$AAL?$AA?5?$AAd?$AAo?$AAw?$AAn?$AAl?$AAo?$AAa?$AAd?$AAe?$AAd?$AA?0@ 00001d88     main.obj
 0001:00000de8       ??_C@_1GE@FFBNFJNC@?$AAI?$AAN?$AAF?$AAO?$AA?3?$AA?5?$AAS?$AAp?$AAl?$AAa?$AAs?$AAh?$AAc?$AAr?$AAe?$AAe?$AAn?$AA?5?$AAl?$AAo?$AAg?$AAo?$AA?5?$AAd?$AAo?$AAw?$AAn?$AAl?$AAo?$AAa?$AAd?$AAe@ 00001de8     main.obj
 0001:00000e50       ??_C@_1HA@LNJPPCBO@?$AAE?$AAR?$AAR?$AAO?$AAR?$AA?3?$AA?5?$AAO?$AAE?$AAM?$AAL?$AAa?$AAu?$AAn?$AAc?$AAh?$AA?3?$AA?5?$AAI?$AAm?$AAa?$AAg?$AAe?$AA?5?$AAl?$AAo?$AAa?$AAd?$AA?5?$AAf?$AAr?$AAo@ 00001e50     main.obj
 0001:00000ec0       ??_C@_1HA@PPNIDEHG@?$AAE?$AAR?$AAR?$AAO?$AAR?$AA?3?$AA?5?$AAO?$AAE?$AAM?$AAL?$AAa?$AAu?$AAn?$AAc?$AAh?$AA?3?$AA?5?$AAU?$AAn?$AAk?$AAn?$AAo?$AAw?$AAn?$AA?5?$AAd?$AAo?$AAw?$AAn?$AAl?$AAo@ 00001ec0     main.obj
 0001:00000f30       ??_C@_1GK@MMIDCEGF@?$AA?$CL?$AAO?$AAE?$AAM?$AAL?$AAa?$AAu?$AAn?$AAc?$AAh?$AA?$CI?$AA0?$AAx?$AA?$CF?$AA0?$AA8?$AAx?$AA?0?$AA?5?$AA0?$AAx?$AA?$CF?$AA0?$AA8?$AAx?$AA?0?$AA?5?$AA0?$AAx?$AA?$CF?$AA0?$AA8@ 00001f30     main.obj
 0001:00001030       ??_C@_1HA@PBOCKLG@?$AAE?$AAR?$AAR?$AAO?$AAR?$AA?3?$AA?5?$AAB?$AAo?$AAo?$AAt?$AA?5?$AAd?$AAe?$AAv?$AAi?$AAc?$AAe?$AA?5?$AAd?$AAo?$AAe?$AAs?$AAn?$AA?8?$AAt?$AA?5?$AAe?$AAx?$AAi?$AAs?$AAt@ 00002030     eth.obj
 0001:000010a0       ??_C@_1FK@GCLCJCHA@?$AAE?$AAR?$AAR?$AAO?$AAR?$AA?3?$AA?5?$AAE?$AAb?$AAo?$AAo?$AAt?$AAI?$AAn?$AAi?$AAt?$AAE?$AAt?$AAh?$AAe?$AAr?$AAT?$AAr?$AAa?$AAn?$AAs?$AAp?$AAo?$AAr?$AAt?$AA?5?$AAc@ 000020a0     eth.obj
 0001:000010fc       ??_C@_1DO@DBOGGMNK@?$AAI?$AAN?$AAF?$AAO?$AA?3?$AA?5?$AA?$CK?$AA?$CK?$AA?$CK?$AA?5?$AAD?$AAe?$AAv?$AAi?$AAc?$AAe?$AA?5?$AAN?$AAa?$AAm?$AAe?$AA?5?$AA?$CF?$AAS?$AA?5?$AA?$CK?$AA?$CK?$AA?$CK?$AA?$AN?$AA?6?$AA?$AA@ 000020fc     eth.obj
 0001:00001140       ??_C@_1EA@FEAPGDEK@?$AAI?$AAN?$AAF?$AAO?$AA?3?$AA?5?$AAB?$AAo?$AAo?$AAt?$AA?5?$AAd?$AAe?$AAv?$AAi?$AAc?$AAe?$AA?5?$AAu?$AAs?$AAe?$AAs?$AA?5?$AAM?$AAA?$AAC?$AA?5?$AA?$CF?$AAs?$AA?$AN?$AA?6?$AA?$AA@ 00002140     eth.obj
 0001:00001180       ??_C@_1FK@FLKNKOOB@?$AAE?$AAR?$AAR?$AAO?$AAR?$AA?3?$AA?5?$AAB?$AAo?$AAo?$AAt?$AA?5?$AAd?$AAe?$AAv?$AAi?$AAc?$AAe?$AA?5?$AAd?$AAr?$AAi?$AAv?$AAe?$AAr?$AA?5?$AAI?$AAn?$AAi?$AAt?$AA?5?$AAc@ 00002180     eth.obj
 0001:000011e0       ??_C@_1GM@ODLKKIGI@?$AAE?$AAR?$AAR?$AAO?$AAR?$AA?3?$AA?5?$AAB?$AAo?$AAo?$AAt?$AA?5?$AAd?$AAe?$AAv?$AAi?$AAc?$AAe?$AA?5?$AAd?$AAr?$AAi?$AAv?$AAe?$AAr?$AA?5?$AAI?$AAn?$AAi?$AAt?$AAD?$AAm@ 000021e0     eth.obj
 0001:0000124c       ??_C@_19IOBNHAEP@?$AAE?$AAX?$AAI?$AAT?$AA?$AA@ 0000224c     menu.obj
 0001:00001258       ??_C@_17NBOBOEH@?$AAO?$AAF?$AAF?$AA?$AA@ 00002258     menu.obj
 0001:00001260       ??_C@_15MLPIMJOL@?$AAO?$AAN?$AA?$AA@ 00002260     menu.obj
 0001:00001268       ??_C@_1FK@IBMDHDI@?$AAM?$AAP?$AAU?$AA?$FL?$AA1?$AA0?$AA0?$AA0?$AAM?$AAh?$AAz?$AA?5?$AA?$EA?$AA?5?$AA1?$AA?4?$AA3?$AA7?$AA5?$AAV?$AA?$FN?$AA?0?$AA?5?$AAI?$AAV?$AAA?$AA2?$AA?$FL?$AA8?$AA0?$AA0?$AAM@ 00002268     menu.obj
 0001:000012c8       ??_C@_1FO@MCHCGGFD@?$AAM?$AAP?$AAU?$AA?$FL?$AA8?$AA0?$AA0?$AAM?$AAh?$AAz?$AA?5?$AA?5?$AA?$EA?$AA?5?$AA1?$AA?4?$AA2?$AA6?$AA2?$AA5?$AAV?$AA?$FN?$AA?0?$AA?5?$AAI?$AAV?$AAA?$AA2?$AA?$FL?$AA6?$AA6?$AA0@ 000022c8     menu.obj
 0001:00001328       ??_C@_1FO@CAGHGIKC@?$AAM?$AAP?$AAU?$AA?$FL?$AA6?$AA0?$AA0?$AAM?$AAh?$AAz?$AA?5?$AA?5?$AA?$EA?$AA?5?$AA1?$AA?4?$AA1?$AA0?$AA0?$AA0?$AAV?$AA?$FN?$AA?0?$AA?5?$AAI?$AAV?$AAA?$AA2?$AA?$FL?$AA5?$AA2?$AA0@ 00002328     menu.obj
 0001:00001388       ??_C@_1FO@ELABMNJD@?$AAM?$AAP?$AAU?$AA?$FL?$AA3?$AA0?$AA0?$AAM?$AAh?$AAz?$AA?5?$AA?5?$AA?$EA?$AA?5?$AA0?$AA?4?$AA9?$AA3?$AA7?$AA5?$AAV?$AA?$FN?$AA?0?$AA?5?$AAI?$AAV?$AAA?$AA2?$AA?$FL?$AA2?$AA6?$AA0@ 00002388     menu.obj
 0001:000013e8       ??_C@_1FG@KPBOKIAA@?$AAM?$AAP?$AAU?$AA?$FL?$AA7?$AA2?$AA0?$AAh?$AAz?$AA?5?$AA?$EA?$AA?5?$AA1?$AA?4?$AA3?$AA5?$AA0?$AA0?$AAV?$AA?$FN?$AA?0?$AA?5?$AAI?$AAV?$AAA?$AA2?$AA?$FL?$AA5?$AA2?$AA0?$AAM?$AAh@ 000023e8     menu.obj
 0001:00001440       ??_C@_1FI@GKLNGOFA@?$AAM?$AAP?$AAU?$AA?$FL?$AA6?$AA0?$AA0?$AAM?$AAh?$AAz?$AA?5?$AA?$EA?$AA?5?$AA1?$AA?4?$AA3?$AA5?$AA0?$AA0?$AAV?$AA?$FN?$AA?0?$AA?5?$AAI?$AAV?$AAA?$AA2?$AA?$FL?$AA4?$AA3?$AA0?$AAM@ 00002440     menu.obj
 0001:00001498       ??_C@_1FI@GMIAOKFE@?$AAM?$AAP?$AAU?$AA?$FL?$AA5?$AA5?$AA0?$AAM?$AAh?$AAz?$AA?5?$AA?$EA?$AA?5?$AA1?$AA?4?$AA2?$AA7?$AA5?$AA0?$AAV?$AA?$FN?$AA?0?$AA?5?$AAI?$AAV?$AAA?$AA2?$AA?$FL?$AA4?$AA0?$AA0?$AAM@ 00002498     menu.obj
 0001:000014f0       ??_C@_1FI@LNIHINJA@?$AAM?$AAP?$AAU?$AA?$FL?$AA5?$AA0?$AA0?$AAM?$AAh?$AAz?$AA?5?$AA?$EA?$AA?5?$AA1?$AA?4?$AA2?$AA0?$AA0?$AA0?$AAV?$AA?$FN?$AA?0?$AA?5?$AAI?$AAV?$AAA?$AA2?$AA?$FL?$AA3?$AA6?$AA0?$AAM@ 000024f0     menu.obj
 0001:00001548       ??_C@_1FG@IMGDNCBP@?$AAM?$AAP?$AAU?$AA?$FL?$AA2?$AA5?$AA0?$AAM?$AAh?$AAz?$AA?5?$AA?$EA?$AA?5?$AA1?$AA?4?$AA0?$AA0?$AA0?$AAV?$AA?$FN?$AA?0?$AA?5?$AAI?$AAV?$AAA?$AA2?$AA?$FL?$AA1?$AA8?$AA0?$AAM?$AAh@ 00002548     menu.obj
 0001:000015a0       ??_C@_1FI@HKFGBOFG@?$AAM?$AAP?$AAU?$AA?$FL?$AA1?$AA2?$AA5?$AAM?$AAh?$AAz?$AA?5?$AA?$EA?$AA?5?$AA0?$AA?4?$AA9?$AA7?$AA5?$AAV?$AA?$FN?$AA?0?$AA?5?$AAI?$AAV?$AAA?$AA2?$AA?$FL?$AA?5?$AA9?$AA0?$AAM?$AAh@ 000025a0     menu.obj
 0001:000015f8       ??_C@_1BM@KBHAINFM@?$AAI?$AAn?$AAv?$AAa?$AAl?$AAi?$AAd?$AA?5?$AAE?$AAn?$AAt?$AAr?$AAy?$AA?$AA@ 000025f8     menu.obj
 0001:00001614       ??_C@_1CE@BMIKEEML@?$AAD?$AAV?$AAI?$AA?5?$AA1?$AA2?$AA8?$AA0?$AAx?$AA7?$AA2?$AA0?$AA?5?$AA6?$AA0?$AAH?$AAz?$AA?$AA@ 00002614     menu.obj
 0001:00001638       ??_C@_1CE@LJDPDOKE@?$AAD?$AAV?$AAI?$AA?5?$AA1?$AA0?$AA2?$AA4?$AAx?$AA7?$AA6?$AA8?$AA?5?$AA6?$AA0?$AAH?$AAz?$AA?$AA@ 00002638     menu.obj
 0001:0000165c       ??_C@_1CE@NBKEBDGN@?$AAD?$AAV?$AAI?$AA?5?$AA?5?$AA8?$AA0?$AA0?$AAx?$AA6?$AA0?$AA0?$AA?5?$AA5?$AA6?$AAH?$AAz?$AA?$AA@ 0000265c     menu.obj
 0001:00001680       ??_C@_1CE@PMPMKBOJ@?$AAD?$AAV?$AAI?$AA?5?$AA?5?$AA8?$AA0?$AA0?$AAx?$AA6?$AA0?$AA0?$AA?5?$AA6?$AA0?$AAH?$AAz?$AA?$AA@ 00002680     menu.obj
 0001:000016a4       ??_C@_1CE@IKDLFFCF@?$AAD?$AAV?$AAI?$AA?5?$AA?5?$AA8?$AA0?$AA0?$AAx?$AA4?$AA8?$AA0?$AA?5?$AA6?$AA0?$AAH?$AAz?$AA?$AA@ 000026a4     menu.obj
 0001:000016c8       ??_C@_1CE@CECNFHDE@?$AAD?$AAV?$AAI?$AA?5?$AA?5?$AA6?$AA4?$AA0?$AAx?$AA4?$AA8?$AA0?$AA?5?$AA7?$AA2?$AAH?$AAz?$AA?$AA@ 000026c8     menu.obj
 0001:000016ec       ??_C@_1CE@IJMKDLHH@?$AAD?$AAV?$AAI?$AA?5?$AA?5?$AA6?$AA4?$AA0?$AAx?$AA4?$AA8?$AA0?$AA?5?$AA6?$AA0?$AAH?$AAz?$AA?$AA@ 000026ec     menu.obj
 0001:00001710       ??_C@_1CE@FKEPMAF@?$AAL?$AAC?$AAD?$AA?5?$AA?5?$AA4?$AA8?$AA0?$AAx?$AA6?$AA4?$AA0?$AA?5?$AA6?$AA0?$AAH?$AAz?$AA?$AA@ 00002710     menu.obj
 0001:00001734       ??_C@_1BE@FNAHCCDL@?$AAM?$AAa?$AAi?$AAn?$AA?5?$AAM?$AAe?$AAn?$AAu?$AA?$AA@ 00002734     menu.obj
 0001:00001748       ??_C@_1CC@OEBGHOGA@?$AAO?$AAN?$AA?1?$AAO?$AAF?$AAF?$AA?5?$AAB?$AAa?$AAc?$AAk?$AAl?$AAi?$AAg?$AAh?$AAt?$AA?$AA@ 00002748     menu.obj
 0001:0000176c       ??_C@_1CA@MOPOGELI@?$AAS?$AAe?$AAl?$AAe?$AAc?$AAt?$AA?5?$AAO?$AAP?$AAP?$AA?5?$AAM?$AAo?$AAd?$AAe?$AA?$AA@ 0000276c     menu.obj
 0001:0000178c       ??_C@_1DE@DBBLEEO@?$AAS?$AAe?$AAl?$AAe?$AAc?$AAt?$AA?5?$AAD?$AAi?$AAs?$AAp?$AAl?$AAa?$AAy?$AA?5?$AAR?$AAe?$AAs?$AAo?$AAl?$AAu?$AAt?$AAi?$AAo?$AAn?$AA?$AA@ 0000278c     menu.obj
 0001:000017c0       ??_C@_1EG@HMEOLENI@?$AAE?$AAn?$AAa?$AAb?$AAl?$AAe?$AA?1?$AAD?$AAi?$AAs?$AAa?$AAb?$AAl?$AAe?$AA?5?$AAO?$AAA?$AAL?$AA?5?$AAR?$AAe?$AAt?$AAa?$AAi?$AAl?$AA?5?$AAM?$AAe?$AAs?$AAs?$AAa?$AAg@ 000027c0     menu.obj
 0001:00001808       ??_C@_1CC@GBKCLJHP@?$AAF?$AAl?$AAa?$AAs?$AAh?$AA?5?$AAM?$AAa?$AAn?$AAa?$AAg?$AAe?$AAm?$AAe?$AAn?$AAt?$AA?$AA@ 00002808     menu.obj
 0001:0000182c       ??_C@_1BM@MOEMNNDE@?$AAS?$AAa?$AAv?$AAe?$AA?5?$AAS?$AAe?$AAt?$AAt?$AAi?$AAn?$AAg?$AAs?$AA?$AA@ 0000282c     menu.obj
 0001:00001848       ??_C@_1BM@LAACEGCM@?$AAS?$AAe?$AAt?$AA?5?$AAD?$AAe?$AAv?$AAi?$AAc?$AAe?$AA?5?$AAI?$AAD?$AA?$AA@ 00002848     menu.obj
 0001:00001864       ??_C@_1CA@HKCGHDKE@?$AAS?$AAD?$AAC?$AAa?$AAr?$AAd?$AA?5?$AAS?$AAe?$AAt?$AAt?$AAi?$AAn?$AAg?$AAs?$AA?$AA@ 00002864     menu.obj
 0001:00001884       ??_C@_1CC@PCCBMLKB@?$AAN?$AAe?$AAt?$AAw?$AAo?$AAr?$AAk?$AA?5?$AAS?$AAe?$AAt?$AAt?$AAi?$AAn?$AAg?$AAs?$AA?$AA@ 00002884     menu.obj
 0001:000018a8       ??_C@_1M@OPFBIOCF@?$AAD?$AAe?$AAb?$AAu?$AAg?$AA?$AA@ 000028a8     menu.obj
 0001:000018b4       ??_C@_1DG@LLAJHPJA@?$AAS?$AAe?$AAl?$AAe?$AAc?$AAt?$AA?5?$AAK?$AAI?$AAT?$AAL?$AA?5?$AA?$CI?$AAD?$AAe?$AAb?$AAu?$AAg?$AA?$CJ?$AA?5?$AAD?$AAe?$AAv?$AAi?$AAc?$AAe?$AA?$AA@ 000028b4     menu.obj
 0001:000018ec       ??_C@_19JCAOHIEH@?$AAB?$AAo?$AAo?$AAt?$AA?$AA@ 000028ec     menu.obj
 0001:000018f8       ??_C@_1CG@BBALNGAE@?$AAS?$AAe?$AAl?$AAe?$AAc?$AAt?$AA?5?$AAB?$AAo?$AAo?$AAt?$AA?5?$AAD?$AAe?$AAv?$AAi?$AAc?$AAe?$AA?$AA@ 000028f8     menu.obj
 0001:00001920       ??_C@_1BO@HAIPBIND@?$AAE?$AAn?$AAt?$AAe?$AAr?$AA?5?$AAF?$AAi?$AAl?$AAe?$AAn?$AAa?$AAm?$AAe?$AA?$AA@ 00002920     menu.obj
 0001:00001940       ??_C@_1CE@DFLFAFMD@?$AAE?$AAx?$AAi?$AAt?$AA?5?$AAa?$AAn?$AAd?$AA?5?$AAC?$AAo?$AAn?$AAt?$AAi?$AAn?$AAu?$AAe?$AA?$AA@ 00002940     menu.obj
 0001:00001964       ??_C@_1CA@LLFAIJM@?$AAS?$AAe?$AAt?$AA?5?$AAM?$AAA?$AAC?$AA?5?$AAa?$AAd?$AAd?$AAr?$AAe?$AAs?$AAs?$AA?$AA@ 00002964     menu.obj
 0001:00001984       ??_C@_1M@NJLEOPAB@?$AAV?$AAM?$AAI?$AAN?$AAI?$AA?$AA@ 00002984     menu.obj
 0001:00001990       ??_C@_1CK@OKOLJFGH@?$AAE?$AAn?$AAa?$AAb?$AAl?$AAe?$AA?1?$AAd?$AAi?$AAs?$AAa?$AAb?$AAl?$AAe?$AA?5?$AAV?$AAM?$AAI?$AAN?$AAI?$AA?$AA@ 00002990     menu.obj
 0001:000019bc       ??_C@_1BO@BODFGHPI@?$AAD?$AAe?$AAf?$AAa?$AAu?$AAl?$AAt?$AA?5?$AAr?$AAo?$AAu?$AAt?$AAe?$AAr?$AA?$AA@ 000029bc     menu.obj
 0001:000019dc       ??_C@_1CG@PDJPJAON@?$AAS?$AAe?$AAt?$AA?5?$AAd?$AAe?$AAf?$AAa?$AAu?$AAl?$AAt?$AA?5?$AAr?$AAo?$AAu?$AAt?$AAe?$AAr?$AA?$AA@ 000029dc     menu.obj
 0001:00001a04       ??_C@_1BI@BNFAJPCD@?$AAS?$AAe?$AAt?$AA?5?$AAI?$AAP?$AA?5?$AAm?$AAa?$AAs?$AAk?$AA?$AA@ 00002a04     menu.obj
 0001:00001a1c       ??_C@_1O@HAMLNBEA@?$AAD?$AAe?$AAv?$AAi?$AAc?$AAe?$AA?$AA@ 00002a1c     menu.obj
 0001:00001a2c       ??_C@_1BO@OBBADFOO@?$AAS?$AAe?$AAt?$AA?5?$AAI?$AAP?$AA?5?$AAa?$AAd?$AAd?$AAr?$AAe?$AAs?$AAs?$AA?$AA@ 00002a2c     menu.obj
 0001:00001a4c       ??_C@_19DDJNJOGL@?$AAD?$AAH?$AAC?$AAP?$AA?$AA@ 00002a4c     menu.obj
 0001:00001a58       ??_C@_1CI@OHHEPHNA@?$AAE?$AAn?$AAa?$AAb?$AAl?$AAe?$AA?1?$AAd?$AAi?$AAs?$AAa?$AAb?$AAl?$AAe?$AA?5?$AAD?$AAH?$AAC?$AAP?$AA?$AA@ 00002a58     menu.obj
 0001:00001a80       ??_C@_1DC@FMHJOEGL@?$AAK?$AAI?$AAT?$AAL?$AA?5?$AAA?$AAc?$AAt?$AAi?$AAv?$AAe?$AA?1?$AAP?$AAa?$AAs?$AAs?$AAi?$AAv?$AAe?$AA?5?$AAm?$AAo?$AAd?$AAe?$AA?$AA@ 00002a80     menu.obj
 0001:00001ab4       ??_C@_1DC@FHPHDMKC@?$AAK?$AAI?$AAT?$AAL?$AA?5?$AAi?$AAn?$AAt?$AAe?$AAr?$AAr?$AAu?$AAp?$AAt?$AA?1?$AAp?$AAo?$AAl?$AAl?$AA?5?$AAm?$AAo?$AAd?$AAe?$AA?$AA@ 00002ab4     menu.obj
 0001:00001ae8       ??_C@_19KCABPHM@?$AAK?$AAI?$AAT?$AAL?$AA?$AA@ 00002ae8     menu.obj
 0001:00001af4       ??_C@_1CI@NOMJHGMH@?$AAE?$AAn?$AAa?$AAb?$AAl?$AAe?$AA?1?$AAd?$AAi?$AAs?$AAa?$AAb?$AAl?$AAe?$AA?5?$AAK?$AAI?$AAT?$AAL?$AA?$AA@ 00002af4     menu.obj
 0001:00001b1c       ??_C@_1CM@CFLHLMJF@?$AAS?$AAh?$AAo?$AAw?$AA?5?$AAC?$AAu?$AAr?$AAr?$AAe?$AAn?$AAt?$AA?5?$AAS?$AAe?$AAt?$AAt?$AAi?$AAn?$AAg?$AAs?$AA?$AA@ 00002b1c     menu.obj
 0001:00001bd8       ??_C@_1HA@HEOLOGAM@?$AAS?$AAy?$AAn?$AAc?$AA?9?$AAp?$AAr?$AAe?$AAs?$AAs?$AA?5?$AAs?$AAi?$AAd?$AAe?$AA?5?$AAk?$AAe?$AAy?$AA?5?$AAt?$AAo?$AA?5?$AAe?$AAn?$AAt?$AAe?$AAr?$AA?5?$AAc?$AAo?$AAn@ 00002bd8     menu.obj
 0001:00001c48       ??_C@_1FI@GAMDHEMA@?$AA?$AN?$AA?6?$AA?5?$AA?5?$AA?5?$AAW?$AAA?$AAR?$AAN?$AAI?$AAN?$AAG?$AA?3?$AA?5?$AAM?$AAA?$AAC?$AA?5?$AAa?$AAd?$AAd?$AAr?$AAe?$AAs?$AAs?$AA?5?$AAn?$AAo?$AAt?$AA?5?$AAp?$AAr@ 00002c48     menu.obj
 0001:00001ca0       ??_C@_1KG@MHFLKBMF@?$AAm?$AAa?$AAc?$AA?5?$AAa?$AAd?$AAd?$AAr?$AAe?$AAs?$AAs?$AA?5?$AAn?$AAo?$AAt?$AA?5?$AAf?$AAo?$AAu?$AAn?$AAd?$AA?5?$AAi?$AAn?$AA?5?$AAE?$AAE?$AAP?$AAR?$AAO?$AAM?$AA?4@ 00002ca0     menu.obj
 0001:00001d48       ??_C@_19OEFLBHKA@?$AAE?$AAV?$AAM?$AA?5?$AA?$AA@ 00002d48     menu.obj
 0001:00001d58       ??_C@_1FC@DDNFDPMF@?$AA?$AN?$AA?6?$AA?5?$AAS?$AAe?$AAt?$AA?5?$AAE?$AAt?$AAh?$AAe?$AAr?$AAn?$AAe?$AAt?$AA?5?$AA?$CI?$AAL?$AAA?$AAN?$AA9?$AAx?$AAx?$AAx?$AA?$CJ?$AA?5?$AAM?$AAA?$AAC?$AA?5?$AAA?$AAd@ 00002d58     menu.obj
 0001:00001dac       ??_C@_1CM@MBNEBDDK@?$AA?5?$AA?5?$AAV?$AAM?$AAI?$AAN?$AAI?$AA?3?$AA?5?$AA?5?$AA?5?$AA?5?$AA?5?$AA?5?$AA?5?$AA?5?$AA?5?$AA?$CF?$AAs?$AA?$AN?$AA?6?$AA?$AA@ 00002dac     menu.obj
 0001:00001dd8       ??_C@_1GE@BGIPLJDA@?$AA?5?$AA?5?$AAN?$AAo?$AAt?$AAe?$AA?3?$AA?5?$AAU?$AAS?$AAB?$AAF?$AAN?$AA?5?$AAR?$AAN?$AAD?$AAI?$AAS?$AA?5?$AAM?$AAA?$AAC?$AA?5?$AAA?$AAd?$AAd?$AAr?$AA?5?$AAc?$AAa?$AAn@ 00002dd8     menu.obj
 0001:00001e3c       ??_C@_1DG@LEIGGFEH@?$AA?5?$AA?5?$AAE?$AAt?$AAh?$AA?5?$AAM?$AAA?$AAC?$AA?5?$AAA?$AAd?$AAd?$AAr?$AA?3?$AA?5?$AA?5?$AA?$CF?$AAs?$AA?5?$AA?$CI?$AA?$CF?$AAs?$AA?$CJ?$AA?$AN?$AA?6?$AA?$AA@ 00002e3c     menu.obj
 0001:00001e74       ??_C@_1BM@HBILLBOB@?$AAB?$AAo?$AAo?$AAt?$AA?5?$AAs?$AAe?$AAt?$AAt?$AAi?$AAn?$AAg?$AAs?$AA?$AA@ 00002e74     menu.obj
 0001:00001e90       ??_C@_1O@HKPJJFOO@?$AAE?$AAE?$AAP?$AAR?$AAO?$AAM?$AA?$AA@ 00002e90     menu.obj
 0001:00001ea0       ??_C@_1CM@ENNBLIDC@?$AA?5?$AA?5?$AAD?$AAH?$AAC?$AAP?$AA?3?$AA?5?$AA?5?$AA?5?$AA?5?$AA?5?$AA?5?$AA?5?$AA?5?$AA?5?$AA?5?$AA?$CF?$AAs?$AA?$AN?$AA?6?$AA?$AA@ 00002ea0     menu.obj
 0001:00001ecc       ??_C@_1CM@PFJOPCHK@?$AA?5?$AA?5?$AAI?$AAP?$AA?5?$AAa?$AAd?$AAd?$AAr?$AAe?$AAs?$AAs?$AA?3?$AA?5?$AA?5?$AA?5?$AA?5?$AA?$CF?$AAs?$AA?$AN?$AA?6?$AA?$AA@ 00002ecc     menu.obj
 0001:00001ef8       ??_C@_1CM@MFPGPOHA@?$AA?5?$AA?5?$AAI?$AAP?$AA?5?$AAm?$AAa?$AAs?$AAk?$AA?3?$AA?5?$AA?5?$AA?5?$AA?5?$AA?5?$AA?5?$AA?5?$AA?$CF?$AAs?$AA?$AN?$AA?6?$AA?$AA@ 00002ef8     menu.obj
 0001:00001f24       ??_C@_1CM@IMEGPKBH@?$AA?5?$AA?5?$AAI?$AAP?$AA?5?$AAr?$AAo?$AAu?$AAt?$AAe?$AAr?$AA?3?$AA?5?$AA?5?$AA?5?$AA?5?$AA?5?$AA?$CF?$AAs?$AA?$AN?$AA?6?$AA?$AA@ 00002f24     menu.obj
 0001:00001f50       ??_C@_1CM@OEGKHNAF@?$AA?5?$AA?5?$AAK?$AAI?$AAT?$AAL?$AA?5?$AAm?$AAo?$AAd?$AAe?$AA?3?$AA?5?$AA?5?$AA?5?$AA?5?$AA?5?$AA?$CF?$AAs?$AA?$AN?$AA?6?$AA?$AA@ 00002f50     menu.obj
 0001:00001f7c       ??_C@_1BE@OLFPFCKI@?$AAi?$AAn?$AAt?$AAe?$AAr?$AAr?$AAu?$AAp?$AAt?$AA?$AA@ 00002f7c     menu.obj
 0001:00001f90       ??_C@_1O@DOAPGJLD@?$AAp?$AAo?$AAl?$AAl?$AAe?$AAd?$AA?$AA@ 00002f90     menu.obj
 0001:00001fa0       ??_C@_1CM@OLFKODG@?$AA?5?$AA?5?$AAK?$AAI?$AAT?$AAL?$AA?5?$AAt?$AAy?$AAp?$AAe?$AA?3?$AA?5?$AA?5?$AA?5?$AA?5?$AA?5?$AA?$CF?$AAs?$AA?$AN?$AA?6?$AA?$AA@ 00002fa0     menu.obj
 0001:00001fcc       ??_C@_1O@IBNPCBAA@?$AAa?$AAc?$AAt?$AAi?$AAv?$AAe?$AA?$AA@ 00002fcc     menu.obj
 0001:00001fdc       ??_C@_1BA@INHNFGAO@?$AAp?$AAa?$AAs?$AAs?$AAi?$AAv?$AAe?$AA?$AA@ 00002fdc     menu.obj
 0001:00001fec       ??_C@_1CM@KKLHLKH@?$AA?5?$AA?5?$AAK?$AAI?$AAT?$AAL?$AA?5?$AAs?$AAt?$AAa?$AAt?$AAe?$AA?3?$AA?5?$AA?5?$AA?5?$AA?5?$AA?$CF?$AAs?$AA?$AN?$AA?6?$AA?$AA@ 00002fec     menu.obj
 0001:00002018       ??_C@_1BC@LGPIFEA@?$AAd?$AAi?$AAs?$AAa?$AAb?$AAl?$AAe?$AAd?$AA?$AA@ 00003018     menu.obj
 0001:0000202c       ??_C@_1BA@BKMGIBPB@?$AAe?$AAn?$AAa?$AAb?$AAl?$AAe?$AAd?$AA?$AA@ 0000302c     menu.obj
 0001:0000203c       ??_C@_1BM@NCMLOBGF@?$AA?$AN?$AA?6?$AA?5?$AAN?$AAe?$AAt?$AAw?$AAo?$AAr?$AAk?$AA?3?$AA?$AN?$AA?6?$AA?$AA@ 0000303c     menu.obj
 0001:00002058       ??_C@_1DG@GANBFOFA@?$AA?5?$AAK?$AAI?$AAT?$AAL?$AA?5?$AAs?$AAe?$AAt?$AA?5?$AAt?$AAo?$AA?5?$AAp?$AAo?$AAl?$AAl?$AAe?$AAd?$AA?5?$AAm?$AAo?$AAd?$AAe?$AA?$AN?$AA?6?$AA?$AA@ 00003058     menu.obj
 0001:00002090       ??_C@_1DM@IPPCLHEI@?$AA?5?$AAK?$AAI?$AAT?$AAL?$AA?5?$AAs?$AAe?$AAt?$AA?5?$AAt?$AAo?$AA?5?$AAi?$AAn?$AAt?$AAe?$AAr?$AAr?$AAu?$AAp?$AAt?$AA?5?$AAm?$AAo?$AAd?$AAe?$AA?$AN?$AA?6?$AA?$AA@ 00003090     menu.obj
 0001:000020cc       ??_C@_19DIEGALPP@?$AA?$CF?$AAc?$AA?$AN?$AA?6?$AA?$AA@ 000030cc     menu.obj
 0001:000020d8       ??_C@_1EC@JHPHMHOA@?$AA?5?$AAS?$AAe?$AAt?$AA?5?$AAK?$AAI?$AAT?$AAL?$AA?5?$AAt?$AAo?$AA?5?$AAp?$AAo?$AAl?$AAl?$AAe?$AAd?$AA?5?$AAm?$AAo?$AAd?$AAe?$AA?5?$AA?$FL?$AAy?$AA?1?$AA?9?$AA?$FN?$AA?3?$AA?5@ 000030d8     menu.obj
 0001:00002120       ??_C@_1EI@CAADENIK@?$AA?5?$AAS?$AAe?$AAt?$AA?5?$AAK?$AAI?$AAT?$AAL?$AA?5?$AAt?$AAo?$AA?5?$AAi?$AAn?$AAt?$AAe?$AAr?$AAr?$AAu?$AAp?$AAt?$AA?5?$AAm?$AAo?$AAd?$AAe?$AA?5?$AA?$FL?$AAy?$AA?1?$AA?9@ 00003120     menu.obj
 0001:00002168       ??_C@_1DI@DNJMHDAE@?$AA?5?$AAK?$AAI?$AAT?$AAL?$AA?5?$AAs?$AAe?$AAt?$AA?5?$AAt?$AAo?$AA?5?$AAp?$AAa?$AAs?$AAs?$AAi?$AAv?$AAe?$AA?5?$AAm?$AAo?$AAd?$AAe?$AA?$AN?$AA?6?$AA?$AA@ 00003168     menu.obj
 0001:000021a0       ??_C@_1DG@EDFECNLC@?$AA?5?$AAK?$AAI?$AAT?$AAL?$AA?5?$AAs?$AAe?$AAt?$AA?5?$AAt?$AAo?$AA?5?$AAa?$AAc?$AAt?$AAi?$AAv?$AAe?$AA?5?$AAm?$AAo?$AAd?$AAe?$AA?$AN?$AA?6?$AA?$AA@ 000031a0     menu.obj
 0001:000021d8       ??_C@_1EE@HIABIPBL@?$AA?5?$AAS?$AAe?$AAt?$AA?5?$AAK?$AAI?$AAT?$AAL?$AA?5?$AAt?$AAo?$AA?5?$AAp?$AAa?$AAs?$AAs?$AAi?$AAv?$AAe?$AA?5?$AAm?$AAo?$AAd?$AAe?$AA?5?$AA?$FL?$AAy?$AA?1?$AA?9?$AA?$FN?$AA?3@ 000031d8     menu.obj
 0001:00002220       ??_C@_1EC@OPMJBCEG@?$AA?5?$AAS?$AAe?$AAt?$AA?5?$AAK?$AAI?$AAT?$AAL?$AA?5?$AAt?$AAo?$AA?5?$AAa?$AAc?$AAt?$AAi?$AAv?$AAe?$AA?5?$AAm?$AAo?$AAd?$AAe?$AA?5?$AA?$FL?$AAy?$AA?1?$AA?9?$AA?$FN?$AA?3?$AA?5@ 00003220     menu.obj
 0001:00002264       ??_C@_1DO@IPDMADGH@?$AA?5?$AAO?$AAA?$AAL?$AA?5?$AAR?$AAe?$AAt?$AAa?$AAi?$AAl?$AA?5?$AAM?$AAe?$AAs?$AAs?$AAa?$AAg?$AAe?$AAs?$AA?5?$AAe?$AAn?$AAa?$AAb?$AAl?$AAe?$AAd?$AA?$AN?$AA?6?$AA?$AA@ 00003264     menu.obj
 0001:000022a8       ??_C@_1EA@EDIKANLP@?$AA?5?$AAO?$AAA?$AAL?$AA?5?$AAR?$AAe?$AAt?$AAa?$AAi?$AAl?$AA?5?$AAM?$AAe?$AAs?$AAs?$AAa?$AAg?$AAe?$AAs?$AA?5?$AAd?$AAi?$AAs?$AAa?$AAb?$AAl?$AAe?$AAd?$AA?$AN?$AA?6?$AA?$AA@ 000032a8     menu.obj
 0001:000022e8       ??_C@_1EI@IEOEJKJK@?$AA?5?$AAE?$AAn?$AAa?$AAb?$AAl?$AAe?$AA?5?$AAO?$AAA?$AAL?$AA?5?$AAR?$AAe?$AAt?$AAa?$AAi?$AAl?$AA?5?$AAM?$AAe?$AAs?$AAs?$AAa?$AAg?$AAe?$AAs?$AA?5?$AA?$FL?$AAy?$AA?1?$AA?9@ 000032e8     menu.obj
 0001:00002330       ??_C@_1EK@NMKAIECH@?$AA?5?$AAD?$AAi?$AAs?$AAa?$AAb?$AAl?$AAe?$AA?5?$AAO?$AAA?$AAL?$AA?5?$AAR?$AAe?$AAt?$AAa?$AAi?$AAl?$AA?5?$AAM?$AAe?$AAs?$AAs?$AAa?$AAg?$AAe?$AAs?$AA?5?$AA?$FL?$AAy?$AA?1@ 00003330     menu.obj
 0001:0000237c       ??_C@_1DC@KGICMHCL@?$AA?5?$AA?$FL?$AA0?$AA?$FN?$AA?5?$AAE?$AAx?$AAi?$AAt?$AA?5?$AAa?$AAn?$AAd?$AA?5?$AAC?$AAo?$AAn?$AAt?$AAi?$AAn?$AAu?$AAe?$AA?$AN?$AA?6?$AA?$AA@ 0000337c     menu.obj
 0001:000023b0       ??_C@_1DG@FKDJCDHM@?$AA?$AN?$AA?6?$AA?5?$AAS?$AAe?$AAl?$AAe?$AAc?$AAt?$AAi?$AAo?$AAn?$AA?5?$AA?$CI?$AAa?$AAc?$AAt?$AAu?$AAa?$AAl?$AA?5?$AA?$CF?$AAs?$AA?$CJ?$AA?3?$AA?5?$AA?$AA@ 000033b0     menu.obj
 0001:000023e8       ??_C@_1BG@LMIBJJCD@?$AA?5?$AA?$FL?$AA?$CF?$AAd?$AA?$FN?$AA?5?$AA?$CF?$AAs?$AA?$AN?$AA?6?$AA?$AA@ 000033e8     menu.obj
 0001:00002400       ??_C@_1DK@EBBOCKOO@?$AA?$AN?$AA?6?$AA?5?$AAS?$AAe?$AAl?$AAe?$AAc?$AAt?$AAi?$AAo?$AAn?$AA?5?$AA?$CI?$AAa?$AAc?$AAt?$AAu?$AAa?$AAl?$AA?5?$AA?$FL?$AA?$CF?$AAs?$AA?$FN?$AA?$CJ?$AA?3?$AA?5?$AA?$AA@ 00003400     menu.obj
 0001:0000243c       ??_C@_1CA@LBCOEEPJ@?$AA?$AN?$AA?6?$AA?5?$AAS?$AAe?$AAl?$AAe?$AAc?$AAt?$AAi?$AAo?$AAn?$AA?5?$AA?3?$AA?5?$AA?$AA@ 0000343c     menu.obj
 0001:0000245c       ??_C@_1DA@NEKLNOMJ@?$AAS?$AAe?$AAl?$AAe?$AAc?$AAt?$AA?5?$AAO?$AAN?$AA?1?$AAO?$AAF?$AAF?$AA?5?$AAB?$AAa?$AAc?$AAk?$AAl?$AAi?$AAg?$AAh?$AAt?$AA?$AA@ 0000345c     menu.obj
 0001:0000248c       ??_C@_1DO@GCBJIIGC@?$AAE?$AAR?$AAR?$AAO?$AAR?$AA?3?$AA?5?$AAS?$AAe?$AAt?$AAt?$AAi?$AAn?$AAg?$AAs?$AA?5?$AAs?$AAa?$AAv?$AAe?$AA?5?$AAf?$AAa?$AAi?$AAl?$AAe?$AAd?$AA?$CB?$AA?$AN?$AA?6?$AA?$AA@ 0000348c     menu.obj
 0001:000024d0       ??_C@_1EG@EPHHPOIA@?$AA?5?$AAC?$AAu?$AAr?$AAr?$AAe?$AAn?$AAt?$AA?5?$AAs?$AAe?$AAt?$AAt?$AAi?$AAn?$AAg?$AAs?$AA?5?$AAh?$AAa?$AAs?$AA?5?$AAb?$AAe?$AAe?$AAn?$AA?5?$AAs?$AAa?$AAv?$AAe?$AAd@ 000034d0     menu.obj
 0001:00002518       ??_C@_1FG@NGGODBPB@?$AA?5?$AAD?$AAo?$AA?5?$AAy?$AAo?$AAu?$AA?5?$AAw?$AAa?$AAn?$AAt?$AA?5?$AAs?$AAa?$AAv?$AAe?$AA?5?$AAc?$AAu?$AAr?$AAr?$AAe?$AAn?$AAt?$AA?5?$AAs?$AAe?$AAt?$AAt?$AAi?$AAn@ 00003518     menu.obj
 0001:00002570       ??_C@_1BK@EBJPPEOM@?$AA?$AN?$AA?6?$AA?5?$AAS?$AAD?$AAC?$AAa?$AAr?$AAd?$AA?3?$AA?$AN?$AA?6?$AA?$AA@ 00003570     menu.obj
 0001:0000258c       ??_C@_1DA@JKMEDIID@?$AA?5?$AA?5?$AAF?$AAi?$AAl?$AAe?$AAn?$AAa?$AAm?$AAe?$AA?3?$AA?5?$AA?5?$AA?5?$AA?5?$AA?5?$AA?5?$AA?$CC?$AA?$CF?$AAs?$AA?$CC?$AA?$AN?$AA?6?$AA?$AA@ 0000358c     menu.obj
 0001:000025c0       ??_C@_1EI@OPDBDDPE@?$AA?$AN?$AA?6?$AA?5?$AAT?$AAy?$AAp?$AAe?$AA?5?$AAn?$AAe?$AAw?$AA?5?$AAf?$AAi?$AAl?$AAe?$AAn?$AAa?$AAm?$AAe?$AA?5?$AA?$CI?$AA8?$AA?4?$AA3?$AA?5?$AAf?$AAo?$AAr?$AAm?$AAa?$AAt@ 000035c0     menu.obj
 0001:00002608       ??_C@_1DE@FKCOLIJA@?$AA?5?$AA?5?$AAF?$AAl?$AAa?$AAs?$AAh?$AAi?$AAn?$AAg?$AA?5?$AAN?$AAK?$AA?4?$AAb?$AAi?$AAn?$AA?3?$AA?5?$AA?5?$AA?5?$AA?$CF?$AAs?$AA?$AN?$AA?6?$AA?$AA@ 00003608     menu.obj
 0001:0000263c       ??_C@_1CG@OIGCIHAG@?$AA?5?$AA?5?$AAO?$AAP?$AAP?$AA?5?$AAM?$AAo?$AAd?$AAe?$AA?3?$AA?5?$AA?5?$AA?5?$AA?$CF?$AAs?$AA?$AN?$AA?6?$AA?$AA@ 0000363c     menu.obj
 0001:00002664       ??_C@_1CI@GNFBDCCP@?$AA?5?$AA?5?$AAB?$AAa?$AAc?$AAk?$AAl?$AAi?$AAg?$AAh?$AAt?$AA?3?$AA?5?$AA?5?$AA?5?$AA?$CF?$AAs?$AA?$AN?$AA?6?$AA?$AA@ 00003664     menu.obj
 0001:0000268c       ??_C@_1CM@JIGPKFND@?$AA?5?$AA?5?$AAR?$AAe?$AAt?$AAa?$AAi?$AAl?$AA?5?$AAM?$AAs?$AAg?$AAs?$AA?3?$AA?5?$AA?5?$AA?5?$AA?$CF?$AAs?$AA?$AN?$AA?6?$AA?$AA@ 0000368c     menu.obj
 0001:000026b8       ??_C@_1CM@NDEIFMBL@?$AA?5?$AA?5?$AAD?$AAe?$AAv?$AAi?$AAc?$AAe?$AA?5?$AAI?$AAD?$AA?3?$AA?5?$AA?5?$AA?5?$AA?5?$AA?5?$AA?$CF?$AAd?$AA?$AN?$AA?6?$AA?$AA@ 000036b8     menu.obj
 0001:000026e4       ??_C@_1CM@FFHNOGK@?$AA?5?$AA?5?$AAD?$AAi?$AAs?$AAp?$AAl?$AAa?$AAy?$AA?5?$AAR?$AAe?$AAs?$AA?3?$AA?5?$AA?5?$AA?5?$AA?$CF?$AAs?$AA?$AN?$AA?6?$AA?$AA@ 000036e4     menu.obj
 0001:00002710       ??_C@_1CM@NPGGEGKD@?$AA?5?$AA?5?$AAD?$AAe?$AAb?$AAu?$AAg?$AA?5?$AAd?$AAe?$AAv?$AAi?$AAc?$AAe?$AA?3?$AA?5?$AA?5?$AA?$CF?$AAs?$AA?$AN?$AA?6?$AA?$AA@ 00003710     menu.obj
 0001:0000273c       ??_C@_1BM@PMDNGDGM@?$AAn?$AAo?$AAt?$AA?5?$AAs?$AAp?$AAe?$AAc?$AAi?$AAf?$AAi?$AAe?$AAd?$AA?$AA@ 0000373c     menu.obj
 0001:00002758       ??_C@_1BG@CEFCIDHI@?$AA?$AN?$AA?6?$AA?5?$AAM?$AAa?$AAi?$AAn?$AA?3?$AA?$AN?$AA?6?$AA?$AA@ 00003758     menu.obj
 0001:00002770       ??_C@_1CM@IGJFNOHM@?$AA?5?$AA?5?$AAB?$AAo?$AAo?$AAt?$AA?5?$AAd?$AAe?$AAv?$AAi?$AAc?$AAe?$AA?3?$AA?5?$AA?5?$AA?5?$AA?$CF?$AAs?$AA?$AN?$AA?6?$AA?$AA@ 00003770     menu.obj
 0001:0000279c       ??_C@_1DE@MLCCPHNO@?$AA?5?$AAC?$AAu?$AAr?$AAr?$AAe?$AAn?$AAt?$AA?5?$AAD?$AAe?$AAv?$AAi?$AAc?$AAe?$AA?5?$AAI?$AAD?$AA?3?$AA?5?$AA?5?$AA?$CF?$AAd?$AA?$AN?$AA?6?$AA?$AA@ 0000379c     menu.obj
 0001:000027d0       ??_C@_1CG@DEECOADH@?$AA?$AN?$AA?6?$AA?5?$AAN?$AAe?$AAw?$AA?5?$AAD?$AAe?$AAv?$AAi?$AAc?$AAe?$AA?5?$AAI?$AAD?$AA?3?$AA?5?$AA?$AA@ 000037d0     menu.obj
 0001:00002888       ??_C@_1BK@JPPJHKGA@?$AAS?$AAe?$AAt?$AA?5?$AAE?$AAC?$AAC?$AA?5?$AAm?$AAo?$AAd?$AAe?$AA?$AA@ 00003888     flashmenu.obj
 0001:000028a4       ??_C@_1CO@EGKANGDF@?$AAE?$AAn?$AAa?$AAb?$AAl?$AAe?$AA?5?$AAf?$AAl?$AAa?$AAs?$AAh?$AAi?$AAn?$AAg?$AA?5?$AAN?$AAK?$AA?4?$AAb?$AAi?$AAn?$AA?$AA@ 000038a4     flashmenu.obj
 0001:000028d4       ??_C@_1BK@GBFAOEGL@?$AAF?$AAo?$AAr?$AAm?$AAa?$AAt?$AA?5?$AAf?$AAl?$AAa?$AAs?$AAh?$AA?$AA@ 000038d4     flashmenu.obj
 0001:000028f0       ??_C@_1BM@GCHGGBGE@?$AAS?$AAe?$AAt?$AA?5?$AAb?$AAa?$AAd?$AA?5?$AAb?$AAl?$AAo?$AAc?$AAk?$AA?$AA@ 000038f0     flashmenu.obj
 0001:0000290c       ??_C@_1CI@NOBBAEFH@?$AAR?$AAe?$AAs?$AAe?$AAr?$AAv?$AAe?$AA?5?$AAb?$AAl?$AAo?$AAc?$AAk?$AA?5?$AAr?$AAa?$AAn?$AAg?$AAe?$AA?$AA@ 0000390c     flashmenu.obj
 0001:00002934       ??_C@_1CE@GGLAHODL@?$AAE?$AAr?$AAa?$AAs?$AAe?$AA?5?$AAb?$AAl?$AAo?$AAc?$AAk?$AA?5?$AAr?$AAa?$AAn?$AAg?$AAe?$AA?$AA@ 00003934     flashmenu.obj
 0001:00002958       ??_C@_1BI@NDJHIBFP@?$AAE?$AAr?$AAa?$AAs?$AAe?$AA?5?$AAf?$AAl?$AAa?$AAs?$AAh?$AA?$AA@ 00003958     flashmenu.obj
 0001:00002970       ??_C@_1CE@IKOIJPJI@?$AAD?$AAu?$AAm?$AAp?$AA?5?$AAf?$AAl?$AAa?$AAs?$AAh?$AA?5?$AAs?$AAe?$AAc?$AAt?$AAo?$AAr?$AA?$AA@ 00003970     flashmenu.obj
 0001:00002994       ??_C@_1CI@NOIANDIC@?$AAS?$AAh?$AAo?$AAw?$AA?5?$AAf?$AAl?$AAa?$AAs?$AAh?$AA?5?$AAg?$AAe?$AAo?$AAm?$AAe?$AAt?$AAr?$AAy?$AA?$AA@ 00003994     flashmenu.obj
 0001:00002a50       ??_C@_1BA@ICKOCNOC@?$AA?5?$AAD?$AAo?$AAn?$AAe?$AA?$AN?$AA?6?$AA?$AA@ 00003a50     flashmenu.obj
 0001:00002a60       ??_C@_1BK@NJMFPCLL@?$AA?$AN?$AA?6?$AA?$FL?$AAr?$AAe?$AAs?$AAe?$AAr?$AAv?$AAe?$AAd?$AA?$FN?$AA?$AA@ 00003a60     flashmenu.obj
 0001:00002a7c       ??_C@_17IAIOLGBB@?$AA?5?$AA?$CF?$AAd?$AA?$AA@ 00003a7c     flashmenu.obj
 0001:00002a84       ??_C@_1BK@LJFBNMNP@?$AA?$AN?$AA?6?$AA?$FL?$AAb?$AAa?$AAd?$AA?$FN?$AA?5?$AA?5?$AA?5?$AA?5?$AA?5?$AA?$AA@ 00003a84     flashmenu.obj
 0001:00002aa0       ??_C@_1CC@CKACAODM@?$AA?5?$AAE?$AAC?$AAC?$AA?5?$AAm?$AAo?$AAd?$AAe?$AA?3?$AA?5?$AA?5?$AA?$CF?$AAs?$AA?$AN?$AA?6?$AA?$AA@ 00003aa0     flashmenu.obj
 0001:00002ac4       ??_C@_1CC@EDJAHKCB@?$AAH?$AAa?$AAm?$AAm?$AAi?$AAn?$AAg?$AA?5?$AA1?$AAb?$AAi?$AAt?$AA?5?$AAE?$AAC?$AAC?$AA?$AA@ 00003ac4     flashmenu.obj
 0001:00002ae8       ??_C@_1BK@HLJGHKLA@?$AAB?$AAC?$AAH?$AA?5?$AA4?$AAb?$AAi?$AAt?$AA?5?$AAE?$AAC?$AAC?$AA?$AA@ 00003ae8     flashmenu.obj
 0001:00002b04       ??_C@_1BK@GHGPADLK@?$AAB?$AAC?$AAH?$AA?5?$AA8?$AAb?$AAi?$AAt?$AA?5?$AAE?$AAC?$AAC?$AA?$AA@ 00003b04     flashmenu.obj
 0001:00002b20       ??_C@_15JNBOKNOG@?$AA?$AN?$AA?6?$AA?$AA@ 00003b20     flashmenu.obj
 0001:00002b28       ??_C@_1CK@GKLBIPDL@?$AA?5?$AAF?$AAl?$AAa?$AAs?$AAh?$AA?5?$AAT?$AAy?$AAp?$AAe?$AA?3?$AA?5?$AA?5?$AA?5?$AA?5?$AA?$CF?$AAs?$AA?$AN?$AA?6?$AA?$AA@ 00003b28     flashmenu.obj
 0001:00002b54       ??_C@_1CK@FFMHKDOJ@?$AA?5?$AAB?$AAl?$AAo?$AAc?$AAk?$AAs?$AA?3?$AA?5?$AA?5?$AA?5?$AA?5?$AA?5?$AA?5?$AA?5?$AA?5?$AA?$CF?$AAd?$AA?$AN?$AA?6?$AA?$AA@ 00003b54     flashmenu.obj
 0001:00002b80       ??_C@_1CK@IKGPGDPJ@?$AA?5?$AAB?$AAy?$AAt?$AAe?$AAs?$AA?1?$AAb?$AAl?$AAo?$AAc?$AAk?$AA?3?$AA?5?$AA?5?$AA?5?$AA?$CF?$AAd?$AA?$AN?$AA?6?$AA?$AA@ 00003b80     flashmenu.obj
 0001:00002bac       ??_C@_1CK@OCGGJEJ@?$AA?5?$AAS?$AAe?$AAc?$AAt?$AAo?$AAr?$AAs?$AA?1?$AAb?$AAl?$AAo?$AAc?$AAk?$AA?3?$AA?5?$AA?$CF?$AAd?$AA?$AN?$AA?6?$AA?$AA@ 00003bac     flashmenu.obj
 0001:00002bd8       ??_C@_1CK@KEDBKDHI@?$AA?5?$AAB?$AAy?$AAt?$AAe?$AAs?$AA?1?$AAs?$AAe?$AAc?$AAt?$AAo?$AAr?$AA?3?$AA?5?$AA?5?$AA?$CF?$AAd?$AA?$AN?$AA?6?$AA?$AA@ 00003bd8     flashmenu.obj
 0001:00002c04       ??_C@_19FIBFMGJP@?$AAN?$AAA?$AAN?$AAD?$AA?$AA@ 00003c04     flashmenu.obj
 0001:00002c10       ??_C@_17DJMAIPNJ@?$AAN?$AAO?$AAR?$AA?$AA@ 00003c10     flashmenu.obj
 0001:00002c18       ??_C@_1EO@FMHOCAJM@?$AA?5?$AAO?$AAo?$AAp?$AAs?$AA?0?$AA?5?$AAc?$AAa?$AAn?$AA?8?$AAt?$AA?5?$AAg?$AAe?$AAt?$AA?5?$AAf?$AAl?$AAa?$AAs?$AAh?$AA?5?$AAg?$AAe?$AAo?$AAm?$AAe?$AAt?$AAr?$AAy?$AA?5@ 00003c18     flashmenu.obj
 0001:00002c68       ??_C@_1DO@ECBGAOKH@?$AA?5?$AAO?$AAo?$AAp?$AAs?$AA?0?$AA?5?$AAc?$AAa?$AAn?$AA?8?$AAt?$AA?5?$AAo?$AAp?$AAe?$AAn?$AA?5?$AAF?$AAM?$AAD?$AA?5?$AAd?$AAr?$AAi?$AAv?$AAe?$AAr?$AA?$AN?$AA?6?$AA?$AA@ 00003c68     flashmenu.obj
 0001:00002ca8       ??_C@_1FI@LPGEHBMI@?$AA?5?$AAO?$AAo?$AAp?$AAs?$AA?0?$AA?5?$AAc?$AAa?$AAn?$AA?8?$AAt?$AA?5?$AAe?$AAr?$AAa?$AAs?$AAe?$AA?5?$AAb?$AAl?$AAo?$AAc?$AAk?$AA?5?$AA?$CF?$AAd?$AA?5?$AA?9?$AA?5?$AAm?$AAa@ 00003ca8     flashmenu.obj
 0001:00002d00       ??_C@_1DE@FDJBJKAL@?$AA?5?$AAS?$AAk?$AAi?$AAp?$AA?5?$AAr?$AAe?$AAs?$AAe?$AAr?$AAv?$AAe?$AAd?$AA?5?$AAb?$AAl?$AAo?$AAc?$AAk?$AA?5?$AA?$CF?$AAd?$AA?$AN?$AA?6?$AA?$AA@ 00003d00     flashmenu.obj
 0001:00002d34       ??_C@_1CK@FKCECPDI@?$AA?5?$AAS?$AAk?$AAi?$AAp?$AA?5?$AAb?$AAa?$AAd?$AA?5?$AAb?$AAl?$AAo?$AAc?$AAk?$AA?5?$AA?$CF?$AAd?$AA?$AN?$AA?6?$AA?$AA@ 00003d34     flashmenu.obj
 0001:00002d60       ??_C@_1GA@KKFAKMFP@?$AA?5?$AAD?$AAo?$AA?5?$AAy?$AAo?$AAu?$AA?5?$AAw?$AAa?$AAn?$AAt?$AA?5?$AAt?$AAo?$AA?5?$AAe?$AAr?$AAa?$AAs?$AAe?$AA?5?$AAu?$AAn?$AAr?$AAe?$AAs?$AAe?$AAr?$AAv?$AAe?$AAd@ 00003d60     flashmenu.obj
 0001:00002dc0       ??_C@_1FG@KMEBKKAG@?$AA?5?$AAD?$AAo?$AA?5?$AAy?$AAo?$AAu?$AA?5?$AAw?$AAa?$AAn?$AAt?$AA?5?$AAt?$AAo?$AA?5?$AAe?$AAr?$AAa?$AAs?$AAe?$AA?5?$AAb?$AAa?$AAd?$AA?5?$AAb?$AAl?$AAo?$AAc?$AAk?$AA?5@ 00003dc0     flashmenu.obj
 0001:00002e18       ??_C@_1GA@IMHNOHDN@?$AA?5?$AAD?$AAo?$AA?5?$AAy?$AAo?$AAu?$AA?5?$AAw?$AAa?$AAn?$AAt?$AA?5?$AAt?$AAo?$AA?5?$AAe?$AAr?$AAa?$AAs?$AAe?$AA?5?$AAr?$AAe?$AAs?$AAe?$AAr?$AAv?$AAe?$AAd?$AA?5?$AAb@ 00003e18     flashmenu.obj
 0001:00002e78       ??_C@_1EO@FLJCJNNB@?$AA?5?$AAD?$AAo?$AA?5?$AAy?$AAo?$AAu?$AA?5?$AAw?$AAa?$AAn?$AAt?$AA?5?$AAe?$AAr?$AAa?$AAs?$AAe?$AA?5?$AAb?$AAl?$AAo?$AAc?$AAk?$AA?5?$AA?$CF?$AAd?$AA?9?$AA?$CF?$AAd?$AA?5?$AA?$FL@ 00003e78     flashmenu.obj
 0001:00002ec8       ??_C@_1DM@MPGKHCCK@?$AA?5?$AAO?$AAo?$AAp?$AAs?$AA?0?$AA?5?$AAt?$AAo?$AAo?$AA?5?$AAb?$AAi?$AAg?$AA?5?$AAb?$AAl?$AAo?$AAc?$AAk?$AA?5?$AAn?$AAu?$AAm?$AAb?$AAe?$AAr?$AA?$AN?$AA?6?$AA?$AA@ 00003ec8     flashmenu.obj
 0001:00002f04       ??_C@_1CO@CKBOHOON@?$AA?$AN?$AA?6?$AA?5?$AAL?$AAa?$AAs?$AAt?$AA?5?$AAB?$AAl?$AAo?$AAc?$AAk?$AA?5?$AAN?$AAu?$AAm?$AAb?$AAe?$AAr?$AA?3?$AA?5?$AA?$AA@ 00003f04     flashmenu.obj
 0001:00002f34       ??_C@_1DA@LGLONGJJ@?$AA?$AN?$AA?6?$AA?5?$AAF?$AAi?$AAr?$AAs?$AAt?$AA?5?$AAB?$AAl?$AAo?$AAc?$AAk?$AA?5?$AAN?$AAu?$AAm?$AAb?$AAe?$AAr?$AA?3?$AA?5?$AA?$AA@ 00003f34     flashmenu.obj
 0001:00002f68       ??_C@_1FG@GECOJCBP@?$AA?5?$AAO?$AAo?$AAp?$AAs?$AA?0?$AA?5?$AAc?$AAa?$AAn?$AA?8?$AAt?$AA?5?$AAm?$AAa?$AAr?$AAk?$AA?5?$AAb?$AAl?$AAo?$AAc?$AAk?$AA?5?$AA?$CF?$AAd?$AA?5?$AA?9?$AA?5?$AAa?$AAs?$AA?5@ 00003f68     flashmenu.obj
 0001:00002fc0       ??_C@_1GE@KHHGLGPF@?$AA?5?$AAD?$AAo?$AA?5?$AAy?$AAo?$AAu?$AA?5?$AAw?$AAa?$AAn?$AAt?$AA?5?$AAm?$AAa?$AAr?$AAk?$AA?5?$AAa?$AAs?$AA?5?$AAr?$AAe?$AAs?$AAe?$AAr?$AAv?$AAe?$AAd?$AA?5?$AAb?$AAl@ 00003fc0     flashmenu.obj
 0001:00003024       ??_C@_15DAMPJCDE@?$AA?$CF?$AAc?$AA?$AA@ 00004024     flashmenu.obj
 0001:0000302c       ??_C@_15OJKDPEFE@?$AA?5?$AA?5?$AA?$AA@ 0000402c     flashmenu.obj
 0001:00003034       ??_C@_1M@FHJLFHFE@?$AA?5?$AA?$CF?$AA0?$AA2?$AAx?$AA?$AA@ 00004034     flashmenu.obj
 0001:00003040       ??_C@_1M@CKIPGKFF@?$AA?$CF?$AA0?$AA4?$AAx?$AA?5?$AA?$AA@ 00004040     flashmenu.obj
 0001:00003050       ??_C@_1EM@JNIBIIAB@?$AA?$AN?$AA?6?$AAS?$AAe?$AAc?$AAt?$AAo?$AAr?$AA?5?$AA?$CF?$AAd?$AA?5?$AA?$CI?$AAs?$AAe?$AAc?$AAt?$AAo?$AAr?$AA?5?$AA?$CF?$AAd?$AA?5?$AAi?$AAn?$AA?5?$AAb?$AAl?$AAo?$AAc?$AAk?$AA?5@ 00004050     flashmenu.obj
 0001:000030a0       ??_C@_1HM@NEKLJOFD@?$AAR?$AAe?$AAs?$AAe?$AAr?$AAv?$AAe?$AAd?$AA1?$AA?3?$AA?5?$AA?$CF?$AA0?$AA8?$AAx?$AA?5?$AAO?$AAE?$AAM?$AAR?$AAe?$AAs?$AAe?$AAr?$AAv?$AAe?$AAd?$AA?3?$AA?5?$AA?$CF?$AA0?$AA2@ 000040a0     flashmenu.obj
 0001:0000311c       ??_C@_1DI@NODDJIFB@?$AA?5?$AAO?$AAo?$AAp?$AAs?$AA?0?$AA?5?$AAs?$AAe?$AAc?$AAt?$AAo?$AAr?$AA?5?$AAr?$AAe?$AAa?$AAd?$AA?5?$AAf?$AAa?$AAi?$AAl?$AAe?$AAd?$AA?$AN?$AA?6?$AA?$AA@ 0000411c     flashmenu.obj
 0001:00003154       ??_C@_1DO@OOAFHGFN@?$AA?5?$AAO?$AAo?$AAp?$AAs?$AA?0?$AA?5?$AAt?$AAo?$AAo?$AA?5?$AAb?$AAi?$AAg?$AA?5?$AAs?$AAe?$AAc?$AAt?$AAo?$AAr?$AA?5?$AAn?$AAu?$AAm?$AAb?$AAe?$AAr?$AA?$AN?$AA?6?$AA?$AA@ 00004154     flashmenu.obj
 0001:00003194       ??_C@_1CG@KCBMIPD@?$AA?$AN?$AA?6?$AA?5?$AAS?$AAe?$AAc?$AAt?$AAo?$AAr?$AA?5?$AAN?$AAu?$AAm?$AAb?$AAe?$AAr?$AA?3?$AA?5?$AA?$AA@ 00004194     flashmenu.obj
 0001:000031c0       ??_C@_1FG@IJKIFPEH@?$AA?5?$AAO?$AAo?$AAp?$AAs?$AA?0?$AA?5?$AAs?$AAe?$AAc?$AAt?$AAo?$AAr?$AA?5?$AAs?$AAi?$AAz?$AAe?$AA?5?$AAl?$AAa?$AAr?$AAg?$AAe?$AAr?$AA?5?$AAt?$AAh?$AAa?$AAn?$AA?5?$AAm@ 000041c0     flashmenu.obj
 0001:00003218       ??_C@_1BE@MFBEDOBI@?$AA?$AN?$AA?6?$AA?5?$AAD?$AAo?$AAn?$AAe?$AA?$AN?$AA?6?$AA?$AA@ 00004218     flashmenu.obj
 0001:0000322c       ??_C@_1CE@EPPKNNOD@?$AA?$AN?$AA?6?$AA?5?$AAB?$AAl?$AAo?$AAc?$AAk?$AA?5?$AAN?$AAu?$AAm?$AAb?$AAe?$AAr?$AA?3?$AA?5?$AA?$AA@ 0000422c     flashmenu.obj
 0001:00003250       ??_C@_1GC@JKKDFPCG@?$AA?5?$AAD?$AAo?$AA?5?$AAy?$AAo?$AAu?$AA?5?$AAw?$AAa?$AAn?$AAt?$AA?5?$AAt?$AAo?$AA?5?$AAf?$AAo?$AAr?$AAm?$AAa?$AAt?$AA?5?$AAu?$AAn?$AAr?$AAe?$AAs?$AAe?$AAr?$AAv?$AAe@ 00004250     flashmenu.obj
 0001:000032b4       ??_C@_1DM@NJFEAFBO@?$AA?5?$AAF?$AAl?$AAa?$AAs?$AAh?$AAi?$AAn?$AAg?$AA?5?$AAN?$AAK?$AA?4?$AAb?$AAi?$AAn?$AA?5?$AAi?$AAs?$AA?5?$AAe?$AAn?$AAa?$AAb?$AAl?$AAe?$AAd?$AA?$AN?$AA?6?$AA?$AA@ 000042b4     flashmenu.obj
 0001:000032f0       ??_C@_1DO@FEBEDMFN@?$AA?5?$AAF?$AAl?$AAa?$AAs?$AAh?$AAi?$AAn?$AAg?$AA?5?$AAN?$AAK?$AA?4?$AAb?$AAi?$AAn?$AA?5?$AAi?$AAs?$AA?5?$AAd?$AAi?$AAs?$AAa?$AAb?$AAl?$AAe?$AAd?$AA?$AN?$AA?6?$AA?$AA@ 000042f0     flashmenu.obj
 0001:00003330       ??_C@_1EA@POGPJPIN@?$AA?5?$AAE?$AAn?$AAa?$AAb?$AAl?$AAe?$AA?5?$AAF?$AAl?$AAa?$AAs?$AAh?$AAi?$AAn?$AAg?$AA?5?$AAN?$AAK?$AA?4?$AAb?$AAi?$AAn?$AA?5?$AA?$FL?$AAy?$AA?1?$AA?9?$AA?$FN?$AA?3?$AA?5?$AA?$AA@ 00004330     flashmenu.obj
 0001:00003370       ??_C@_1EC@LIJCOJEF@?$AA?5?$AAD?$AAi?$AAs?$AAa?$AAb?$AAl?$AAe?$AA?5?$AAF?$AAl?$AAa?$AAs?$AAh?$AAi?$AAn?$AAg?$AA?5?$AAN?$AAK?$AA?4?$AAb?$AAi?$AAn?$AA?5?$AA?$FL?$AAy?$AA?1?$AA?9?$AA?$FN?$AA?3?$AA?5@ 00004370     flashmenu.obj
 0001:000033b8       ??_C@_1GE@EJGAKBM@?$AA?5?$AAI?$AAn?$AAv?$AAa?$AAl?$AAi?$AAd?$AA?5?$AAE?$AAC?$AAC?$AA?5?$AAm?$AAo?$AAd?$AAe?$AA?0?$AA?5?$AAs?$AAe?$AAt?$AA?5?$AAE?$AAC?$AAC?$AA?5?$AAm?$AAo?$AAd?$AAe?$AA?5@ 000043b8     flashmenu.obj
 0001:00003420       ??_C@_1ME@KHCPMAFG@?$AA?5?$AAT?$AAh?$AAi?$AAs?$AA?5?$AAc?$AAo?$AAm?$AAm?$AAa?$AAn?$AAd?$AA?5?$AAi?$AAs?$AA?5?$AAu?$AAs?$AAe?$AAd?$AA?5?$AAt?$AAo?$AA?5?$AAt?$AAe?$AAm?$AAp?$AAo?$AAr?$AAa@ 00004420     flashmenu.obj
 0001:000034e8       ??_C@_1HK@NLFNLNJI@?$AA?5?$AAS?$AAe?$AAl?$AAe?$AAc?$AAt?$AA?5?$AAE?$AAC?$AAC?$AA?5?$AAm?$AAo?$AAd?$AAe?$AA?5?$AA?$FL?$AA0?$AA?$CI?$AAH?$AAa?$AAm?$AAm?$AAi?$AAn?$AAg?$AA?5?$AA1?$AAb?$AAi?$AAt@ 000044e8     flashmenu.obj
 0001:000037a8       ??_C@_0EB@BGCKLDE@?9OALKitlFindDevice?$CIpDevice?5?$DN?50x?$CF@ 000047a8     oal_kitl_boot:device.obj
 0001:000037ec       ??_C@_11LOCGONAA@?$AA?$AA@ 000047ec     oal_kitl_boot:device.obj
 0001:000037f0       ??_C@_0CJ@GPDFFIKB@?$CLOALKitlFindDevice?$CI?$CFd?1?$CFd?1?$CF08x?0?50@ 000047f0     oal_kitl_boot:device.obj
 0001:0000381c       ??_C@_0CJ@MPHJDLPH@?9OALKitlDeviceName?$CIname?5?$DN?50x?$CF08x@ 0000481c     oal_kitl_boot:device.obj
 0001:00003848       ??_C@_0CJ@OKPKABKG@?$CLOALKitlDeviceName?$CI?$CFd?1?$CFd?1?$CF08x?0?50@ 00004848     oal_kitl_boot:device.obj
 0001:00003874       ??_C@_0CA@ECNOOFDD@?9OALKitlDeviceType?$CItype?5?$DN?5?$CFd?$CJ?$AN?6?$AA@ 00004874     oal_kitl_boot:device.obj
 0001:00003894       ??_C@_0CJ@HOEFFCBD@?$CLOALKitlDeviceType?$CI?$CFd?1?$CFd?1?$CF08x?0?50@ 00004894     oal_kitl_boot:device.obj
 0001:00003950       ??_C@_0CG@IHIMJOIA@?9OALKitlCreateName?$CIpBuffer?5?$DN?5?8?$CFh@ 00004950     oal_kitl_boot:name.obj
 0001:00003978       ??_C@_0CM@BCMDHFLI@?$CLOALKitlCreateName?$CI?8?$CFhs?8?0?50x?$CF04x@ 00004978     oal_kitl_boot:name.obj
 0001:00003a38       ??_C@_1BI@FCMLLAGN@?$AA?$CF?$AAd?$AA?4?$AA?$CF?$AAd?$AA?4?$AA?$CF?$AAd?$AA?4?$AA?$CF?$AAd?$AA?$AA@ 00004a38     oal_kitl_boot:format.obj
 0001:00003a50       ??_C@_1DM@BKFFFBIH@?$AA?$CF?$AA0?$AA2?$AAx?$AA?3?$AA?$CF?$AA0?$AA2?$AAx?$AA?3?$AA?$CF?$AA0?$AA2?$AAx?$AA?3?$AA?$CF?$AA0?$AA2?$AAx?$AA?3?$AA?$CF?$AA0?$AA2?$AAx?$AA?3?$AA?$CF?$AA0?$AA2?$AAx?$AA?$AA@ 00004a50     oal_kitl_boot:format.obj
 0001:00003c40       ??_C@_17HBLJBP@?$AA?$AN?$AA?6?$AA?5?$AA?$AA@ 00004c40     oal_blmenu:menu.obj
 0001:00003c48       ??_C@_13IMODFHAA@?$AA?9?$AA?$AA@ 00004c48     oal_blmenu:menu.obj
 0001:00003c4c       ??_C@_1BO@MKGCCJBG@?$AA?$AN?$AA?6?$AA?5?$AAS?$AAe?$AAl?$AAe?$AAc?$AAt?$AAi?$AAo?$AAn?$AA?3?$AA?5?$AA?$AA@ 00004c4c     oal_blmenu:menu.obj
 0001:00003c6c       ??_C@_1BG@EBHIGBFG@?$AA?5?$AA?$FL?$AA?$CF?$AAc?$AA?$FN?$AA?5?$AA?$CF?$AAs?$AA?$AN?$AA?6?$AA?$AA@ 00004c6c     oal_blmenu:menu.obj
 0001:00003c84       ??_C@_15GANGMFKL@?$AA?$CF?$AAs?$AA?$AA@ 00004c84     oal_blmenu:menu.obj
 0001:00003c90       ??_C@_1FI@GPDBNHB@?$AAE?$AAR?$AAR?$AAO?$AAR?$AA?3?$AA?5?$AAO?$AAA?$AAL?$AAB?$AAL?$AAM?$AAe?$AAn?$AAu?$AAE?$AAn?$AAa?$AAb?$AAl?$AAe?$AA?3?$AA?5?$AAI?$AAn?$AAv?$AAa?$AAl?$AAi?$AAd?$AA?5@ 00004c90     oal_blmenu:menu.obj
 0001:00003ce8       ??_C@_1BC@HOHDMONC@?$AA?5?$AA?$CF?$AAs?$AA?5?$AA?$CF?$AAs?$AA?$AN?$AA?6?$AA?$AA@ 00004ce8     oal_blmenu:menu.obj
 0001:00003cfc       ??_C@_1BO@ENGAEJMG@?$AA?5?$AA?$CF?$AAs?$AA?5?$AAs?$AAt?$AAa?$AAy?$AAs?$AA?5?$AA?$CF?$AAs?$AA?$AN?$AA?6?$AA?$AA@ 00004cfc     oal_blmenu:menu.obj
 0001:00003d1c       ??_C@_1DK@PCLKELEH@?$AA?5?$AA?$CF?$AAs?$AA?5?$AA?$CF?$AAs?$AA?5?$AA?$CI?$AAa?$AAc?$AAt?$AAu?$AAa?$AAl?$AAl?$AAy?$AA?5?$AA?$CF?$AAs?$AA?$CJ?$AA?5?$AA?$FL?$AAy?$AA?1?$AA?9?$AA?$FN?$AA?3?$AA?5?$AA?$AA@ 00004d1c     oal_blmenu:menu.obj
 0001:00003d58       ??_C@_1O@PFBIKACK@?$AAE?$AAn?$AAa?$AAb?$AAl?$AAe?$AA?$AA@ 00004d58     oal_blmenu:menu.obj
 0001:00003d68       ??_C@_1BA@EHHBCNCC@?$AAD?$AAi?$AAs?$AAa?$AAb?$AAl?$AAe?$AA?$AA@ 00004d68     oal_blmenu:menu.obj
 0001:00003d78       ??_C@_1GG@GCPJEPA@?$AAE?$AAR?$AAR?$AAO?$AAR?$AA?3?$AA?5?$AAO?$AAA?$AAL?$AAB?$AAL?$AAM?$AAe?$AAn?$AAu?$AAS?$AAe?$AAl?$AAe?$AAc?$AAt?$AAD?$AAe?$AAv?$AAi?$AAc?$AAe?$AA?3?$AA?5?$AAI?$AAn@ 00004d78     oal_blmenu:menu.obj
 0001:00003de0       ??_C@_1CO@MNGNNHKJ@?$AA?5?$AA?$CF?$AAs?$AA?5?$AAd?$AAe?$AAv?$AAi?$AAc?$AAe?$AA?5?$AAs?$AAe?$AAt?$AA?5?$AAt?$AAo?$AA?5?$AA?$CF?$AAs?$AA?$AN?$AA?6?$AA?$AA@ 00004de0     oal_blmenu:menu.obj
 0001:00003e10       ??_C@_1CC@GHCHDPIM@?$AAS?$AAe?$AAl?$AAe?$AAc?$AAt?$AA?5?$AA?$CF?$AAs?$AA?5?$AAD?$AAe?$AAv?$AAi?$AAc?$AAe?$AA?$AA@ 00004e10     oal_blmenu:menu.obj
 0001:00003e34       ??_C@_17ILCABGPK@?$AA?$AI?$AA?5?$AA?$AI?$AA?$AA@ 00004e34     oal_blmenu:menu.obj
 0001:00003e40       ??_C@_1GG@KAOMNNAE@?$AAE?$AAR?$AAR?$AAO?$AAR?$AA?3?$AA?5?$AAO?$AAA?$AAL?$AAB?$AAL?$AAM?$AAe?$AAn?$AAu?$AAS?$AAe?$AAt?$AAM?$AAa?$AAc?$AAA?$AAd?$AAd?$AAr?$AAe?$AAs?$AAs?$AA?3?$AA?5?$AAI@ 00004e40     oal_blmenu:menu.obj
 0001:00003ea8       ??_C@_1DI@EBJOBKJO@?$AA?5?$AA?$CF?$AAs?$AA?5?$AAM?$AAA?$AAC?$AA?5?$AAa?$AAd?$AAd?$AAr?$AAe?$AAs?$AAs?$AA?5?$AAs?$AAe?$AAt?$AA?5?$AAt?$AAo?$AA?5?$AA?$CF?$AAs?$AA?$AN?$AA?6?$AA?$AA@ 00004ea8     oal_blmenu:menu.obj
 0001:00003ee0       ??_C@_1EA@HMINENJO@?$AA?5?$AA?8?$AA?$CF?$AAs?$AA?8?$AA?5?$AAi?$AAs?$AAn?$AA?8?$AAt?$AA?5?$AAv?$AAa?$AAl?$AAi?$AAd?$AA?5?$AAM?$AAA?$AAC?$AA?5?$AAa?$AAd?$AAd?$AAr?$AAe?$AAs?$AAs?$AA?$AN?$AA?6?$AA?$AA@ 00004ee0     oal_blmenu:menu.obj
 0001:00003f20       ??_C@_1EI@KGHANMNL@?$AA?5?$AAE?$AAn?$AAt?$AAe?$AAr?$AA?5?$AA?$CF?$AAs?$AA?5?$AAM?$AAA?$AAC?$AA?5?$AAa?$AAd?$AAd?$AAr?$AAe?$AAs?$AAs?$AA?5?$AA?$CI?$AAa?$AAc?$AAt?$AAu?$AAa?$AAl?$AA?5?$AA?$CF?$AAs@ 00004f20     oal_blmenu:menu.obj
 0001:00003f68       ??_C@_1GG@LBBLODG@?$AAE?$AAR?$AAR?$AAO?$AAR?$AA?3?$AA?5?$AAO?$AAA?$AAL?$AAB?$AAL?$AAM?$AAe?$AAn?$AAu?$AAS?$AAe?$AAt?$AAI?$AAp?$AAA?$AAd?$AAd?$AAr?$AAe?$AAs?$AAs?$AA?3?$AA?5?$AAI?$AAn@ 00004f68     oal_blmenu:menu.obj
 0001:00003fd0       ??_C@_1DG@PKEFPJGM@?$AA?5?$AA?$CF?$AAs?$AA?5?$AAI?$AAP?$AA?5?$AAa?$AAd?$AAd?$AAr?$AAe?$AAs?$AAs?$AA?5?$AAs?$AAe?$AAt?$AA?5?$AAt?$AAo?$AA?5?$AA?$CF?$AAs?$AA?$AN?$AA?6?$AA?$AA@ 00004fd0     oal_blmenu:menu.obj
 0001:00004008       ??_C@_1DO@PNGPKAIC@?$AA?5?$AA?8?$AA?$CF?$AAs?$AA?8?$AA?5?$AAi?$AAs?$AAn?$AA?8?$AAt?$AA?5?$AAv?$AAa?$AAl?$AAi?$AAd?$AA?5?$AAI?$AAP?$AA?5?$AAa?$AAd?$AAd?$AAr?$AAe?$AAs?$AAs?$AA?$AN?$AA?6?$AA?$AA@ 00005008     oal_blmenu:menu.obj
 0001:00004048       ??_C@_1EG@NJNHINMH@?$AA?5?$AAE?$AAn?$AAt?$AAe?$AAr?$AA?5?$AA?$CF?$AAs?$AA?5?$AAI?$AAP?$AA?5?$AAa?$AAd?$AAd?$AAr?$AAe?$AAs?$AAs?$AA?5?$AA?$CI?$AAa?$AAc?$AAt?$AAu?$AAa?$AAl?$AA?5?$AA?$CF?$AAs?$AA?$CJ@ 00005048     oal_blmenu:menu.obj
 0001:00004090       ??_C@_1GA@BNPDEIDO@?$AAE?$AAR?$AAR?$AAO?$AAR?$AA?3?$AA?5?$AAO?$AAA?$AAL?$AAB?$AAL?$AAM?$AAe?$AAn?$AAu?$AAS?$AAe?$AAt?$AAI?$AAp?$AAM?$AAa?$AAs?$AAk?$AA?3?$AA?5?$AAI?$AAn?$AAv?$AAa?$AAl@ 00005090     oal_blmenu:menu.obj
 0001:000040f0       ??_C@_1DA@MPGAFAD@?$AA?5?$AA?$CF?$AAs?$AA?5?$AAI?$AAP?$AA?5?$AAm?$AAa?$AAs?$AAk?$AA?5?$AAs?$AAe?$AAt?$AA?5?$AAt?$AAo?$AA?5?$AA?$CF?$AAs?$AA?$AN?$AA?6?$AA?$AA@ 000050f0     oal_blmenu:menu.obj
 0001:00004120       ??_C@_1DI@NFENBBKL@?$AA?5?$AA?8?$AA?$CF?$AAs?$AA?8?$AA?5?$AAi?$AAs?$AAn?$AA?8?$AAt?$AA?5?$AAv?$AAa?$AAl?$AAi?$AAd?$AA?5?$AAI?$AAP?$AA?5?$AAm?$AAa?$AAs?$AAk?$AA?$AN?$AA?6?$AA?$AA@ 00005120     oal_blmenu:menu.obj
 0001:00004158       ??_C@_1EA@LJMJMOFH@?$AA?5?$AAE?$AAn?$AAt?$AAe?$AAr?$AA?5?$AA?$CF?$AAs?$AA?5?$AAI?$AAP?$AA?5?$AAm?$AAa?$AAs?$AAk?$AA?5?$AA?$CI?$AAa?$AAc?$AAt?$AAu?$AAa?$AAl?$AA?5?$AA?$CF?$AAs?$AA?$CJ?$AA?3?$AA?5?$AA?$AA@ 00005158     oal_blmenu:menu.obj
 0001:000042b8       ??_C@_1O@INIEDEDF@?$AA?$CI?$AAN?$AAU?$AAL?$AAL?$AA?$CJ?$AA?$AA@ 000052b8     oal_blnk:format.obj
 0001:000042c8       ??_C@_06LHGEHABH@?$CINULL?$CJ?$AA@ 000052c8     oal_blnk:format.obj
 0001:00004360       pTOC                       00005360     oal_blcommon:blcommon.obj
 0001:00004368       NKSignon                   00005368     oal_blcommon:blcommon.obj
 0001:000043c4       ??_C@_0DJ@LFHEGALA@ERROR?3?5Checksum?5failure?5?$CIexpecte@ 000053c4     oal_blcommon:blcommon.obj
 0001:00004400       ??_C@_0BM@DKIOIAMD@?$AN?6BL_IMAGE_TYPE_UNKNOWN?$AN?6?$AN?6?$AA@ 00005400     oal_blcommon:blcommon.obj
 0001:0000441c       ??_C@_0BP@KNNCEABF@?$AN?6BL_IMAGE_TYPE_SIGNED_NB0?$AN?6?$AN?6?$AA@ 0000541c     oal_blcommon:blcommon.obj
 0001:0000443c       ??_C@_07LAGBNAEN@R000FF?6?$AA@ 0000543c     oal_blcommon:blcommon.obj
 0001:00004444       ??_C@_0BP@MJFCGNBB@?$AN?6BL_IMAGE_TYPE_SIGNED_BIN?$AN?6?$AN?6?$AA@ 00005444     oal_blcommon:blcommon.obj
 0001:00004464       ??_C@_07HMMLNAND@S000FF?6?$AA@ 00005464     oal_blcommon:blcommon.obj
 0001:0000446c       ??_C@_0BI@HBMHAEFD@?$AN?6BL_IMAGE_TYPE_BIN?$AN?6?$AN?6?$AA@ 0000546c     oal_blcommon:blcommon.obj
 0001:00004484       ??_C@_07MMNKOBGG@B000FF?6?$AA@ 00005484     oal_blcommon:blcommon.obj
 0001:0000448c       ??_C@_0BN@IHLEHBEK@?$AN?6BL_IMAGE_TYPE_MULTIXIP?$AN?6?$AN?6?$AA@ 0000548c     oal_blcommon:blcommon.obj
 0001:000044ac       ??_C@_07CBKBMMIF@X000FF?6?$AA@ 000054ac     oal_blcommon:blcommon.obj
 0001:000044b4       ??_C@_0BN@GCKOHOON@?$AN?6BL_IMAGE_TYPE_MANIFEST?$AN?6?$AN?6?$AA@ 000054b4     oal_blcommon:blcommon.obj
 0001:000044d4       ??_C@_07JLHFPECJ@N000FF?6?$AA@ 000054d4     oal_blcommon:blcommon.obj
 0001:000044dc       ??_C@_0CL@OKMIEAHJ@?$AN?6ERROR?3?5Unable?5to?5read?5image?5si@ 000054dc     oal_blcommon:blcommon.obj
 0001:00004508       ??_C@_0DJ@PIPLIHFI@?$AN?6ERROR?3?5Unable?5to?5read?5download@ 00005508     oal_blcommon:blcommon.obj
 0001:00004548       ??_C@_0EC@LAKEOKID@?$AN?6ERROR?3?5Download?5manifest?5packe@ 00005548     oal_blcommon:blcommon.obj
 0001:0000458c       ??_C@_0DG@DBBGHEAG@?$AN?6ERROR?3?5Unable?5to?5read?5download@ 0000558c     oal_blcommon:blcommon.obj
 0001:000045c4       ??_C@_0DL@DCHMDHHD@ImageStart?5?$DN?50x?$CFx?0?5ImageLength?5?$DN@ 000055c4     oal_blcommon:blcommon.obj
 0001:00004600       ??_C@_0CO@PFLGIDFG@ERROR?3?5failed?5when?5reading?5raw?5b@ 00005600     oal_blcommon:blcommon.obj
 0001:00004630       ??_C@_0BP@EOFEMPOO@Invalid?5flash?5address?1length?$AN?6?$AA@ 00005630     oal_blcommon:blcommon.obj
 0001:00004650       ??_C@_0CC@DNECAMLM@?$CBOEMVERIFYMEMORY?3?5Invalid?5image?$AN@ 00005650     oal_blcommon:blcommon.obj
 0001:00004674       ??_C@_0DH@GJCJAHAP@?$FL?$CFd?$FN?3?5Address?$DN0x?$CFx?5?5Length?$DN0x?$CFx?5@ 00005674     oal_blcommon:blcommon.obj
 0001:000046ac       ??_C@_03ILDADBHF@RAM?$AA@  000056ac     oal_blcommon:blcommon.obj
 0001:000046b0       ??_C@_05HPMNGINJ@FLASH?$AA@ 000056b0     oal_blcommon:blcommon.obj
 0001:000046b8       ??_C@_0BH@FIOKDOBJ@?$AN?6Completed?5file?$CIs?$CJ?3?$AN?6?$AA@ 000056b8     oal_blcommon:blcommon.obj
 0001:000046d0       ??_C@_0FC@PGPOMBFM@?9?9?9?9?9?9?9?9?9?9?9?9?9?9?9?9?9?9?9?9?9?9?9?9?9?9?9?9?9?9?9?9@ 000056d0     oal_blcommon:blcommon.obj
 0001:00004724       ??_C@_06OLEINIPO@nk?4exe?$AA@ 00005724     oal_blcommon:blcommon.obj
 0001:0000472c       ??_C@_0CE@NKAMCDHO@Unable?5to?5read?5image?5start?1lengt@ 0000572c     oal_blcommon:blcommon.obj
 0001:00004750       ??_C@_0DI@FDIIHFBA@?$CK?$CK?$CK?$CK?$CK?$CK?5Checksum?5failure?5on?5recor@ 00005750     oal_blcommon:blcommon.obj
 0001:00004788       ??_C@_0DD@KHJBCIED@?$CK?$CK?$CK?$CK?$CK?$CK?5Data?5record?5?$CFd?5corrupted?0@ 00005788     oal_blcommon:blcommon.obj
 0001:000047bc       ??_C@_0BD@PHLGNLDI@rom_offset?$DN0x?$CFx?4?$AN?6?$AA@ 000057bc     oal_blcommon:blcommon.obj
 0001:000047d0       ??_C@_0EC@NABDPCJO@?$CK?$CK?5ERROR?3?5This?5boot?5loader?5does?5@ 000057d0     oal_blcommon:blcommon.obj
 0001:00004818       ??_C@_0EC@MIGFFFAC@?$CK?$CK?5ERROR?3?5This?5boot?5loader?5does?5@ 00005818     oal_blcommon:blcommon.obj
 0001:0000485c       ??_C@_06BEBGGBAB@?$AN?6?$CK?$CK?$AN?6?$AA@ 0000585c     oal_blcommon:blcommon.obj
 0001:00004868       ??_C@_0GI@NIAHKKOO@?$CK?$CK?5ERROR?3?5The?5X000FF?5packet?5is?5a@ 00005868     oal_blcommon:blcommon.obj
 0001:000048d0       ??_C@_0FO@KDFAPMNM@?$CK?$CK?5Please?5update?5your?5Platform?5B@ 000058d0     oal_blcommon:blcommon.obj
 0001:00004930       ??_C@_04IPBEALME@?$CK?$CK?$AN?6?$AA@ 00005930     oal_blcommon:blcommon.obj
 0001:00004938       ??_C@_0BI@OCFAEGPK@ROMHDR?5at?5Address?5?$CFXh?$AN?6?$AA@ 00005938     oal_blcommon:blcommon.obj
 0001:00004950       ??_C@_0CL@NOFKHKJC@System?5ready?$CB?$AN?6Preparing?5for?5dow@ 00005950     oal_blcommon:blcommon.obj
 0001:0000497c       ??_C@_0M@CDHNGIPM@?$CFu?4?$CFu?4?$CFu?4?$CFu?$AA@ 0000597c     oal_blcommon:format.obj
 0001:00004a18       ??_C@_1KI@MDFCMHMG@?$AAC?$AA?3?$AA?2?$AAW?$AAI?$AAN?$AAC?$AAE?$AA6?$AA0?$AA0?$AA?2?$AAP?$AAL?$AAA?$AAT?$AAF?$AAO?$AAR?$AAM?$AA?2?$AAC?$AAO?$AAM?$AAM?$AAO?$AAN?$AA?2?$AAS?$AAR?$AAC?$AA?2@ 00005a18     common_ti_fmd_nand_boot:fmd.obj
 0001:00004ac0       ??_C@_1CI@OHCJFJPM@?$AAE?$AAR?$AAR?$AAO?$AAR?$AA?3?$AA?5?$AA?$CF?$AAs?$AA?5?$AAl?$AAi?$AAn?$AAe?$AA?5?$AA?$CF?$AAd?$AA?3?$AA?5?$AA?$AA@ 00005ac0     common_ti_fmd_nand_boot:fmd.obj
 0001:00004ae8       ??_C@_1HG@DCOIKHPB@?$AAF?$AAM?$AAD?$AA?5?$AAd?$AAr?$AAi?$AAv?$AAe?$AAr?$AA?5?$AAs?$AAu?$AAp?$AAp?$AAo?$AAr?$AAt?$AAs?$AA?5?$AAo?$AAn?$AAl?$AAy?$AA?5?$AA1?$AA6?$AAb?$AAi?$AAt?$AAs?$AA?5@ 00005ae8     common_ti_fmd_nand_boot:fmd.obj
 0001:00004b60       ??_C@_1DK@CAAJGKFH@?$AAI?$AAn?$AAc?$AAo?$AAr?$AAr?$AAe?$AAc?$AAt?$AA?5?$AAE?$AAC?$AAC?$AA?5?$AAt?$AAy?$AAp?$AAe?$AA?5?$AAs?$AAe?$AAt?$AAt?$AAi?$AAn?$AAg?$AA?$AN?$AA?6?$AA?$AA@ 00005b60     common_ti_fmd_nand_boot:fmd.obj
 0001:00004c30       ??_C@_1EA@JNFKONCC@?$AAE?$AAr?$AAr?$AAo?$AAr?$AA?3?$AA?5?$AAU?$AAn?$AAr?$AAe?$AAc?$AAo?$AAg?$AAn?$AAi?$AAz?$AAe?$AAd?$AA?5?$AAM?$AAo?$AAd?$AAe?$AA?$FL?$AA?$CF?$AAd?$AA?$FN?$AA?$CB?$AA?$AN?$AA?6?$AA?$AA@ 00005c30     common_ti_fmd_nand_boot:gpmc_ecc.obj
 0001:00004c70       ??_C@_1EI@LMGHLBK@?$AAE?$AAC?$AAC?$AA_?$AAI?$AAn?$AAi?$AAt?$AA?3?$AA?5?$AAu?$AAn?$AAs?$AAu?$AAp?$AAp?$AAo?$AAr?$AAt?$AAe?$AAd?$AA?5?$AAe?$AAc?$AAc?$AA?5?$AAm?$AAo?$AAd?$AAe?$AA?3?$AA?$CF@ 00005c70     common_ti_fmd_nand_boot:gpmc_ecc.obj
 0001:00004d48       ??_C@_1EA@CJMKJJJH@?$AAO?$AAA?$AAL?$AAL?$AAo?$AAc?$AAa?$AAl?$AAA?$AAl?$AAl?$AAo?$AAc?$AA?5?$AAr?$AAe?$AAt?$AAu?$AAr?$AAn?$AAe?$AAd?$AA?5?$AAN?$AAU?$AAL?$AAL?$AA?5?$AA?$CB?$AA?$AN?$AA?6?$AA?$AA@ 00005d48     common_ti_oal_alloc:alloc.obj
 0001:00004eb0       ??_C@_1KM@EEHAFCCJ@?$AAC?$AA?3?$AA?2?$AAW?$AAI?$AAN?$AAC?$AAE?$AA6?$AA0?$AA0?$AA?2?$AAP?$AAL?$AAA?$AAT?$AAF?$AAO?$AAR?$AAM?$AA?2?$AAC?$AAO?$AAM?$AAM?$AAO?$AAN?$AA?2?$AAS?$AAR?$AAC?$AA?2@ 00005eb0     common_ti_oali2c:oali2c.obj
 0001:00004f5c       ??_C@_1CC@EHKJMBJI@?$AAD?$AAe?$AAv?$AAi?$AAc?$AAe?$AA?5?$AAn?$AAo?$AAt?$AA?5?$AAf?$AAo?$AAu?$AAn?$AAd?$AA?$AA@ 00005f5c     common_ti_oali2c:oali2c.obj
 0001:00004f80       ??_C@_1KA@GOKKFLEJ@?$AAW?$AAA?$AAR?$AAN?$AA?3?$AA?5?$AAI?$AA2?$AAC?$AA?3?$AA?3?$AAI?$AA2?$AAC?$AAP?$AAo?$AAl?$AAl?$AAS?$AAt?$AAa?$AAt?$AAu?$AAs?$AA?5?$AA?9?$AA?5?$AAc?$AAh?$AAe?$AAc?$AAk@ 00005f80     common_ti_oali2c:oali2c.obj
 0001:00005020       ??_C@_1GK@FLELOHLG@?$AAW?$AAA?$AAR?$AAN?$AA?3?$AA?5?$AAI?$AA2?$AAC?$AA?3?$AA?3?$AAI?$AA2?$AAC?$AAR?$AAe?$AAs?$AAe?$AAt?$AAD?$AAe?$AAv?$AAi?$AAc?$AAe?$AA?5?$AA?9?$AA?5?$AAf?$AAa?$AAi?$AAl@ 00006020     common_ti_oali2c:oali2c.obj
 0001:00005090       ??_C@_1GO@NCGHHJFM@?$AAW?$AAA?$AAR?$AAN?$AA?3?$AA?5?$AAI?$AA2?$AAC?$AA?3?$AA?5?$AAW?$AAr?$AAi?$AAt?$AAe?$AA?5?$AAf?$AAa?$AAi?$AAl?$AAe?$AAd?$AA?5?$AA?$CI?$AAS?$AAA?$AA?$DN?$AA0?$AAx?$AA?$CF?$AA0@ 00006090     common_ti_oali2c:oali2c.obj
 0001:00005100       ??_C@_1CO@EBLPIMOB@?$AAW?$AAr?$AAi?$AAt?$AAe?$AA?3?$AA?5?$AAA?$AAt?$AAt?$AAe?$AAm?$AAp?$AAt?$AAs?$AA?5?$AA?$DN?$AA?5?$AA?$CF?$AAd?$AA?$AN?$AA?6?$AA?$AA@ 00006100     common_ti_oali2c:oali2c.obj
 0001:00005130       ??_C@_1HM@LEOLDKCA@?$AAW?$AAA?$AAR?$AAN?$AA?3?$AA?5?$AAI?$AA2?$AAC?$AA?3?$AA?5?$AAR?$AAe?$AAa?$AAd?$AA?5?$AAf?$AAa?$AAi?$AAl?$AAe?$AAd?$AA?5?$AA?$CI?$AAs?$AAl?$AAa?$AAv?$AAe?$AA?5?$AAa?$AAd@ 00006130     common_ti_oali2c:oali2c.obj
 0001:000051ac       ??_C@_1CM@HPEFBBEG@?$AAR?$AAe?$AAa?$AAd?$AA?3?$AA?5?$AAA?$AAt?$AAt?$AAe?$AAm?$AAp?$AAt?$AAs?$AA?5?$AA?$DN?$AA?5?$AA?$CF?$AAd?$AA?$AN?$AA?6?$AA?$AA@ 000061ac     common_ti_oali2c:oali2c.obj
 0001:000051d8       ??_C@_1CO@IKDMELMO@?$AAI?$AA2?$AAC?$AA?3?$AA?5?$AAR?$AAE?$AAS?$AAE?$AAT?$AA?5?$AAd?$AAe?$AAv?$AAi?$AAc?$AAe?$AA?5?$AA?$CF?$AAd?$AA?$AN?$AA?6?$AA?$AA@ 000061d8     common_ti_oali2c:oali2c.obj
 0001:00005298       ??_C@_1CO@BANOFPG@?$AAG?$AAe?$AAt?$AA_?$AAC?$AAP?$AAU?$AAV?$AAe?$AAr?$AAs?$AAi?$AAo?$AAn?$AA?3?$AA?5?$AA0?$AAx?$AA?$CF?$AAx?$AA?$AN?$AA?6?$AA?$AA@ 00006298     OMAP3530_oalcpuver:oalcpuver.obj
 0001:000054d8       ??_C@_1GE@IHFMNDC@?$AAM?$AAM?$AAC?$AA?3?$AA?3?$AAM?$AAM?$AAC?$AAC?$AAo?$AAm?$AAm?$AAa?$AAn?$AAd?$AAR?$AAe?$AAs?$AAp?$AAo?$AAn?$AAs?$AAe?$AA?3?$AA?5?$AAC?$AAo?$AAm?$AAm?$AAa?$AAn?$AAd@ 000064d8     common_ti_boot_sdmemory:sdcard.obj
 0001:00005540       ??_C@_1IM@IDDFJJFI@?$AAM?$AAM?$AAC?$AA?3?$AA?3?$AAM?$AAM?$AAC?$AAC?$AAo?$AAm?$AAm?$AAa?$AAn?$AAd?$AAR?$AAe?$AAs?$AAp?$AAo?$AAn?$AAs?$AAe?$AA?3?$AA?5?$AAC?$AAo?$AAm?$AAm?$AAa?$AAn?$AAd@ 00006540     common_ti_boot_sdmemory:sdcard.obj
 0001:000055d0       ??_C@_1HM@GLHKNEKG@?$AAM?$AAM?$AAC?$AA?3?$AA?3?$AAM?$AAM?$AAC?$AAC?$AAo?$AAm?$AAm?$AAa?$AAn?$AAd?$AAR?$AAe?$AAs?$AAp?$AAo?$AAn?$AAs?$AAe?$AA?3?$AA?5?$AAM?$AAM?$AAC?$AAS?$AAe?$AAn?$AAd@ 000065d0     common_ti_boot_sdmemory:sdcard.obj
 0001:00005650       ??_C@_1FE@BCNJBLJK@?$AAS?$AAD?$AAM?$AAe?$AAm?$AA?3?$AA?5?$AAc?$AAa?$AAr?$AAd?$AA?5?$AAr?$AAd?$AAy?$AA?5?$AAb?$AAT?$AAi?$AAm?$AAe?$AAo?$AAu?$AAt?$AA?0?$AA?5?$AAs?$AAt?$AAa?$AAt?$AAu?$AAs@ 00006650     common_ti_boot_sdmemory:sdcard.obj
 0001:000056a4       ??_C@_1DG@LHNGMEJK@?$AAr?$AAe?$AAa?$AAd?$AA?5?$AAm?$AAu?$AAl?$AAt?$AAi?$AA?5?$AAs?$AAe?$AAc?$AAt?$AAo?$AAr?$AAs?$AA?5?$AAe?$AAr?$AAr?$AAo?$AAr?$AA?$AN?$AA?6?$AA?$AA@ 000066a4     common_ti_boot_sdmemory:sdcard.obj
 0001:000056e0       ??_C@_1IM@NDHBECDO@?$AAM?$AAM?$AAC?$AAR?$AAe?$AAa?$AAd?$AAM?$AAu?$AAl?$AAt?$AAi?$AAS?$AAe?$AAc?$AAt?$AAo?$AAr?$AAs?$AA?3?$AA?5?$AAM?$AAM?$AAC?$AAC?$AAo?$AAm?$AAm?$AAa?$AAn?$AAd?$AAR@ 000066e0     common_ti_boot_sdmemory:sdcard.obj
 0001:00005770       ??_C@_1JA@ILPGFCNI@?$AAM?$AAM?$AAC?$AAR?$AAe?$AAa?$AAd?$AAM?$AAu?$AAl?$AAt?$AAi?$AAS?$AAe?$AAc?$AAt?$AAo?$AAr?$AAs?$AA?3?$AA?5?$AAM?$AAM?$AAC?$AAC?$AAo?$AAm?$AAm?$AAa?$AAn?$AAd?$AAR@ 00006770     common_ti_boot_sdmemory:sdcard.obj
 0001:00005800       ??_C@_1FK@HAPCNFMM@?$AAM?$AAM?$AAC?$AAR?$AAe?$AAa?$AAd?$AAM?$AAu?$AAl?$AAt?$AAi?$AAS?$AAe?$AAc?$AAt?$AAo?$AAr?$AAs?$AA?3?$AA?5?$AAM?$AAM?$AAC?$AAW?$AAa?$AAi?$AAt?$AAF?$AAo?$AAr?$AAR@ 00006800     common_ti_boot_sdmemory:sdcard.obj
 0001:0000585c       ??_C@_1BK@GAKJANPH@?$AAr?$AAe?$AAa?$AAd?$AA?5?$AAe?$AAr?$AAr?$AAo?$AAr?$AA?$AN?$AA?6?$AA?$AA@ 0000685c     common_ti_boot_sdmemory:sdcard.obj
 0001:00005878       ??_C@_1HE@HOGFNIBK@?$AAM?$AAM?$AAC?$AAR?$AAe?$AAa?$AAd?$AA?3?$AA?5?$AAM?$AAM?$AAC?$AAC?$AAo?$AAm?$AAm?$AAa?$AAn?$AAd?$AAR?$AAe?$AAs?$AAp?$AAo?$AAn?$AAs?$AAe?$AA?5?$AAe?$AAr?$AAr?$AAo@ 00006878     common_ti_boot_sdmemory:sdcard.obj
 0001:000058f0       ??_C@_1KA@GCFNELEL@?$AAM?$AAM?$AAC?$AAS?$AAe?$AAl?$AAe?$AAc?$AAt?$AAC?$AAa?$AAr?$AAd?$AA?3?$AA?5?$AAt?$AAi?$AAm?$AAe?$AAo?$AAu?$AAt?$AA?5?$AAw?$AAa?$AAi?$AAt?$AAi?$AAn?$AAg?$AA?5?$AAf@ 000068f0     common_ti_boot_sdmemory:sdcard.obj
 0001:00005990       ??_C@_1GK@CDAMFDEK@?$AAM?$AAM?$AAC?$AA?3?$AA?5?$AAu?$AAn?$AAa?$AAb?$AAl?$AAe?$AA?5?$AAt?$AAo?$AA?5?$AAs?$AAe?$AAt?$AA?5?$AAw?$AAi?$AAd?$AAe?$AA?5?$AAb?$AAu?$AAs?$AA?5?$AAm?$AAo?$AAd?$AAe@ 00006990     common_ti_boot_sdmemory:sdcard.obj
 0001:000059fc       ??_C@_1CC@BECOMKMK@?$AAA?$AAP?$AAP?$AA_?$AAC?$AAM?$AAD?$AA?5?$AAf?$AAa?$AAi?$AAl?$AAe?$AAd?$AA?$AN?$AA?6?$AA?$AA@ 000069fc     common_ti_boot_sdmemory:sdcard.obj
 0001:00005a20       ??_C@_1EK@FDKGIIKM@?$AAS?$AAD?$AAC?$AAa?$AAr?$AAd?$AAI?$AAn?$AAi?$AAt?$AA?3?$AA?5?$AAM?$AAM?$AAC?$AAS?$AAe?$AAt?$AAB?$AAl?$AAo?$AAc?$AAk?$AAL?$AAe?$AAn?$AA?5?$AAf?$AAa?$AAi?$AAl?$AAe@ 00006a20     common_ti_boot_sdmemory:sdcard.obj
 0001:00005a70       ??_C@_1GE@FEOFGONO@?$AAM?$AAM?$AAC?$AAS?$AAe?$AAl?$AAe?$AAc?$AAt?$AAC?$AAa?$AAr?$AAd?$AA?3?$AA?5?$AAp?$AAo?$AAl?$AAl?$AA?5?$AAs?$AAt?$AAa?$AAt?$AAu?$AAs?$AA?5?$AAe?$AAr?$AAr?$AAo?$AAr@ 00006a70     common_ti_boot_sdmemory:sdcard.obj
 0001:00005ad8       ??_C@_1JO@JCBKFGLI@?$AAM?$AAM?$AAC?$AAI?$AAs?$AAs?$AAu?$AAe?$AAI?$AAd?$AAe?$AAn?$AAt?$AAi?$AAf?$AAy?$AA?3?$AA?5?$AAb?$AAu?$AAs?$AAy?$AA?5?$AAb?$AAi?$AAt?$AA?5?$AAn?$AAe?$AAv?$AAe?$AAr@ 00006ad8     common_ti_boot_sdmemory:sdcard.obj
 0001:00005b78       ??_C@_1KE@BIOPJCPI@?$AAM?$AAM?$AAC?$AAI?$AAs?$AAs?$AAu?$AAe?$AAI?$AAd?$AAe?$AAn?$AAt?$AAi?$AAf?$AAy?$AA?3?$AA?5?$AAb?$AAu?$AAs?$AAy?$AA?5?$AAb?$AAi?$AAt?$AA?5?$AAn?$AAe?$AAv?$AAe?$AAr@ 00006b78     common_ti_boot_sdmemory:sdcard.obj
 0001:00005c20       ??_C@_1FK@HAIGBMKL@?$AAM?$AAM?$AAC?$AAI?$AAs?$AAs?$AAu?$AAe?$AAI?$AAd?$AAe?$AAn?$AAt?$AAi?$AAf?$AAy?$AA?3?$AA?5?$AAM?$AAM?$AAC?$AAC?$AAo?$AAm?$AAm?$AAa?$AAn?$AAd?$AAR?$AAe?$AAs?$AAp@ 00006c20     common_ti_boot_sdmemory:sdcard.obj
 0001:00005c80       ??_C@_1EI@DCCPDMOI@?$AAS?$AAD?$AAC?$AAa?$AAr?$AAd?$AAI?$AAn?$AAi?$AAt?$AA?3?$AA?5?$AAM?$AAM?$AAC?$AAS?$AAe?$AAl?$AAe?$AAc?$AAt?$AAC?$AAa?$AAr?$AAd?$AA?5?$AAf?$AAa?$AAi?$AAl?$AAe?$AAd@ 00006c80     common_ti_boot_sdmemory:sdcard.obj
 0001:00005cc8       ??_C@_1EM@FDPFBDGI@?$AAS?$AAD?$AAC?$AAa?$AAr?$AAd?$AAI?$AAn?$AAi?$AAt?$AA?3?$AA?5?$AAM?$AAM?$AAC?$AAW?$AAa?$AAi?$AAt?$AAF?$AAo?$AAr?$AAR?$AAe?$AAa?$AAd?$AAy?$AA?5?$AAf?$AAa?$AAi?$AAl@ 00006cc8     common_ti_boot_sdmemory:sdcard.obj
 0001:00005d14       ??_C@_1DM@BFOJJFFG@?$AAS?$AAD?$AAC?$AAa?$AAr?$AAd?$AAI?$AAn?$AAi?$AAt?$AA?3?$AA?5?$AAN?$AAo?$AA?5?$AAm?$AAe?$AAd?$AAi?$AAa?$AA?5?$AAf?$AAo?$AAu?$AAn?$AAd?$AA?$CB?$AA?$AN?$AA?6?$AA?$AA@ 00006d14     common_ti_boot_sdmemory:sdcard.obj
 0001:00005d50       ??_C@_1EE@PJJAIGOH@?$AAS?$AAD?$AAC?$AAa?$AAr?$AAd?$AAI?$AAn?$AAi?$AAt?$AA?3?$AA?5?$AAM?$AAM?$AAC?$AAI?$AAn?$AAi?$AAt?$AAD?$AAi?$AAs?$AAk?$AA?5?$AAf?$AAa?$AAi?$AAl?$AAe?$AAd?$AA?$CB?$AA?$AN@ 00006d50     common_ti_boot_sdmemory:sdcard.obj
 0001:00005d98       ??_C@_1GI@CBFICDBE@?$AAS?$AAD?$AAC?$AAa?$AAr?$AAd?$AAR?$AAe?$AAa?$AAd?$AAS?$AAe?$AAc?$AAt?$AAo?$AAr?$AA?3?$AA?5?$AAE?$AAr?$AAr?$AAo?$AAr?$AA?5?$AAr?$AAe?$AAa?$AAd?$AAi?$AAn?$AAg?$AA?5@ 00006d98     common_ti_boot_sdmemory:sdcard.obj
 0001:00005e00       ??_C@_1HE@MOOOFOKP@?$AAS?$AAD?$AAC?$AAa?$AAr?$AAd?$AAR?$AAe?$AAa?$AAd?$AAS?$AAe?$AAc?$AAt?$AAo?$AAr?$AA?3?$AA?5?$AAE?$AAr?$AAr?$AAo?$AAr?$AA?5?$AAr?$AAe?$AAa?$AAd?$AAi?$AAn?$AAg?$AA?5@ 00006e00     common_ti_boot_sdmemory:sdcard.obj
 0001:00005e78       ??_C@_1IM@HCIKFOHM@?$AAS?$AAD?$AAC?$AAa?$AAr?$AAd?$AAR?$AAe?$AAa?$AAd?$AAM?$AAu?$AAl?$AAt?$AAi?$AAS?$AAe?$AAc?$AAt?$AAo?$AAr?$AAs?$AA?3?$AA?5?$AAE?$AAr?$AAr?$AAo?$AAr?$AA?5?$AAr?$AAe@ 00006e78     common_ti_boot_sdmemory:sdcard.obj
 0001:00005f08       ??_C@_1IA@BMANGLND@?$AAS?$AAD?$AAC?$AAa?$AAr?$AAd?$AAR?$AAe?$AAa?$AAd?$AAM?$AAu?$AAl?$AAt?$AAi?$AAS?$AAe?$AAc?$AAt?$AAo?$AAr?$AAs?$AA?3?$AA?5?$AAE?$AAr?$AAr?$AAo?$AAr?$AA?5?$AAr?$AAe@ 00006f08     common_ti_boot_sdmemory:sdcard.obj
 0001:00005f88       ??_C@_1EM@KMLGLOML@?$AAB?$AAL?$AAS?$AAD?$AAC?$AAa?$AAr?$AAd?$AAD?$AAo?$AAw?$AAn?$AAl?$AAo?$AAa?$AAd?$AA?3?$AA?5?$AA?5?$AAc?$AAa?$AAn?$AAn?$AAo?$AAt?$AA?5?$AAo?$AAp?$AAe?$AAn?$AA?5?$AAf@ 00006f88     common_ti_boot_sdmemory:sdcard.obj
 0001:00005fd8       ??_C@_1FA@PHKOKPHG@?$AAB?$AAL?$AAS?$AAD?$AAC?$AAa?$AAr?$AAd?$AAD?$AAo?$AAw?$AAn?$AAl?$AAo?$AAa?$AAd?$AA?3?$AA?5?$AA?5?$AAf?$AAi?$AAl?$AAe?$AAi?$AAo?$AA?5?$AAi?$AAn?$AAi?$AAt?$AA?5?$AAf@ 00006fd8     common_ti_boot_sdmemory:sdcard.obj
 0001:000060b8       gwaCMD                     000070b8     common_ti_boot_sdhc:sdhc.obj
 0001:000062b8       ??_C@_1DA@PKLOKBNI@?$AAI?$AAn?$AAi?$AAt?$AAi?$AAa?$AAl?$AAi?$AAz?$AAe?$AAH?$AAW?$AA?3?$AA?5?$AAT?$AAI?$AAM?$AAE?$AAO?$AAU?$AAT?$AA?$AN?$AA?6?$AA?$AA@ 000072b8     common_ti_boot_sdhc:sdhc.obj
 0001:000062e8       ??_C@_1DO@PKNJPAKP@?$AAI?$AAn?$AAi?$AAt?$AA?5?$AAS?$AAD?$AAH?$AAC?$AA?5?$AAH?$AAW?$AA?3?$AA?5?$AAc?$AAo?$AAn?$AAt?$AAr?$AAo?$AAl?$AAl?$AAe?$AAr?$AA?5?$AAR?$AAS?$AAT?$AA?$AN?$AA?6?$AA?$AA@ 000072e8     common_ti_boot_sdhc:sdhc.obj
 0001:00006328       ??_C@_1CI@EBIAGFPN@?$AAM?$AAM?$AAC?$AA?5?$AAR?$AAe?$AAs?$AAe?$AAt?$AA?5?$AAt?$AAi?$AAm?$AAe?$AAo?$AAu?$AAt?$AA?$AN?$AA?6?$AA?$AA@ 00007328     common_ti_boot_sdhc:sdhc.obj
 0001:00006350       ??_C@_1CI@DLLABNKH@?$AAS?$AAD?$AAH?$AAC?$AA?5?$AAb?$AAa?$AAd?$AA?5?$AAs?$AAl?$AAo?$AAt?$AA?5?$AAn?$AAu?$AAm?$AA?$AN?$AA?6?$AA?$AA@ 00007350     common_ti_boot_sdhc:sdhc.obj
 0001:00006378       ??_C@_1GK@EBPKPBPE@?$AAG?$AAe?$AAt?$AAC?$AAo?$AAm?$AAm?$AAa?$AAn?$AAd?$AAR?$AAe?$AAs?$AAp?$AAo?$AAn?$AAs?$AAe?$AA?$CI?$AA?$CJ?$AA?5?$AA?9?$AA?5?$AAU?$AAn?$AAr?$AAe?$AAc?$AAo?$AAg?$AAn?$AAi@ 00007378     common_ti_boot_sdhc:sdhc.obj
 0001:000063e4       ??_C@_1DM@FAHGNIG@?$AAS?$AAD?$AAI?$AAP?$AAo?$AAl?$AAl?$AAi?$AAn?$AAg?$AAR?$AAe?$AAc?$AAe?$AAi?$AAv?$AAe?$AA?3?$AA?5?$AAT?$AAI?$AAM?$AAE?$AAO?$AAU?$AAT?$AA3?$AA?$AN?$AA?6?$AA?$AA@ 000073e4     common_ti_boot_sdhc:sdhc.obj
 0001:00006420       ??_C@_1DM@ILIIGKGF@?$AAS?$AAD?$AAI?$AAP?$AAo?$AAl?$AAl?$AAi?$AAn?$AAg?$AAR?$AAe?$AAc?$AAe?$AAi?$AAv?$AAe?$AA?3?$AA?5?$AAT?$AAI?$AAM?$AAE?$AAO?$AAU?$AAT?$AA0?$AA?$AN?$AA?6?$AA?$AA@ 00007420     common_ti_boot_sdhc:sdhc.obj
 0001:0000645c       ??_C@_1DM@EHCCGKPL@?$AAS?$AAD?$AAI?$AAP?$AAo?$AAl?$AAl?$AAi?$AAn?$AAg?$AAR?$AAe?$AAc?$AAe?$AAi?$AAv?$AAe?$AA?3?$AA?5?$AAT?$AAI?$AAM?$AAE?$AAO?$AAU?$AAT?$AA1?$AA?$AN?$AA?6?$AA?$AA@ 0000745c     common_ti_boot_sdhc:sdhc.obj
 0001:00006498       ??_C@_1EG@HOIABLIC@?$AAS?$AAD?$AAH?$AAC?$AA?3?$AA?5?$AAS?$AAD?$AAI?$AAP?$AAo?$AAl?$AAl?$AAi?$AAn?$AAg?$AAR?$AAe?$AAc?$AAe?$AAi?$AAv?$AAe?$AA?$CI?$AA?$CJ?$AA?5?$AAf?$AAa?$AAi?$AAl?$AAe?$AAd@ 00007498     common_ti_boot_sdhc:sdhc.obj
 0001:000064e0       ??_C@_1GA@HNKHACLA@?$AAS?$AAD?$AAH?$AAC?$AA?3?$AA?5?$AAE?$AAr?$AAr?$AAo?$AAr?$AA?5?$AAg?$AAe?$AAt?$AAt?$AAi?$AAn?$AAg?$AA?5?$AAr?$AAe?$AAs?$AAp?$AAo?$AAn?$AAs?$AAe?$AA?5?$AAf?$AAo?$AAr@ 000074e0     common_ti_boot_sdhc:sdhc.obj
 0001:00006540       ??_C@_1EM@JOOFMKFB@?$AAS?$AAD?$AAH?$AAC?$AA?3?$AA?5?$AAc?$AAo?$AAm?$AAm?$AAa?$AAn?$AAd?$AA?5?$AAr?$AAe?$AAs?$AAp?$AAo?$AAn?$AAs?$AAe?$AA?5?$AAt?$AAi?$AAm?$AAe?$AAo?$AAu?$AAt?$AA?5?$AAC@ 00007540     common_ti_boot_sdhc:sdhc.obj
 0001:00006590       ??_C@_1EO@LNFDCIBN@?$AAS?$AAD?$AAH?$AAC?$AA?3?$AA?5?$AAc?$AAo?$AAm?$AAm?$AAa?$AAn?$AAd?$AA?5?$AAr?$AAe?$AAs?$AAp?$AAo?$AAn?$AAs?$AAe?$AA?5?$AAt?$AAi?$AAm?$AAe?$AAo?$AAu?$AAt?$AA?5?$AAD@ 00007590     common_ti_boot_sdhc:sdhc.obj
 0001:000065e0       ??_C@_1EM@PLCIGAJB@?$AAS?$AAD?$AAH?$AAC?$AA?3?$AA?5?$AAc?$AAo?$AAm?$AAm?$AAa?$AAn?$AAd?$AA?5?$AAr?$AAe?$AAs?$AAp?$AAo?$AAn?$AAs?$AAe?$AA?5?$AAt?$AAi?$AAm?$AAe?$AAo?$AAu?$AAt?$AA?5?$AAD@ 000075e0     common_ti_boot_sdhc:sdhc.obj
 0001:0000662c       ??_C@_1DG@OHDKIEBD@?$AAS?$AAD?$AAH?$AAC?$AA?3?$AA?5?$AAc?$AAo?$AAm?$AAm?$AAa?$AAn?$AAd?$AA?5?$AAC?$AAR?$AAC?$AA?5?$AAe?$AAr?$AAr?$AAo?$AAr?$AA?$CB?$AA?$AN?$AA?6?$AA?$AA@ 0000762c     common_ti_boot_sdhc:sdhc.obj
 0001:00006664       ??_C@_1DG@MBAMAGDP@?$AAS?$AAD?$AAH?$AAC?$AA?3?$AA?5?$AAC?$AAa?$AAr?$AAd?$AA?5?$AAB?$AAU?$AAS?$AAY?$AA?5?$AAt?$AAi?$AAm?$AAe?$AAo?$AAu?$AAt?$AA?$CB?$AA?$AN?$AA?6?$AA?$AA@ 00007664     common_ti_boot_sdhc:sdhc.obj
 0001:0000669c       ??_C@_1CM@GCMKJBGI@?$AAS?$AAD?$AAH?$AAC?$AA?3?$AA?5?$AAC?$AAa?$AAr?$AAd?$AA?5?$AAr?$AAe?$AAm?$AAo?$AAv?$AAe?$AAd?$AA?$CB?$AA?$AN?$AA?6?$AA?$AA@ 0000769c     common_ti_boot_sdhc:sdhc.obj
 0001:00006758       ??_C@_1EG@GCJBAFHN@?$AAE?$AAr?$AAr?$AAo?$AAr?$AA?5?$AAt?$AAr?$AAa?$AAn?$AAs?$AAm?$AAi?$AAt?$AAt?$AAi?$AAn?$AAg?$AA?5?$AAb?$AAu?$AAf?$AAf?$AAe?$AAr?$AA?$CB?$AA?5?$AA?5?$AA0?$AAx?$AA?$CF?$AAx@ 00007758     common_ti_ethdrv_lan911x:lan911x.obj
 0001:000067a0       ??_C@_1DM@CALKBHOJ@?$AAN?$AAo?$AAt?$AA?5?$AAe?$AAn?$AAo?$AAu?$AAg?$AAh?$AA?5?$AAr?$AAo?$AAo?$AAm?$AA?5?$AAi?$AAn?$AA?5?$AAT?$AAX?$AA?5?$AAF?$AAI?$AAF?$AAO?$AA?$CB?$AA?$AN?$AA?6?$AA?$AA@ 000077a0     common_ti_ethdrv_lan911x:lan911x.obj
 0001:000067e0       ??_C@_1EC@CDIADGHO@?$AAR?$AAX?$AA?5?$AAb?$AAu?$AAf?$AAf?$AAe?$AAr?$AA?5?$AAn?$AAo?$AAt?$AA?5?$AAD?$AAW?$AAO?$AAR?$AAD?$AA?5?$AAa?$AAl?$AAi?$AAg?$AAn?$AAe?$AAd?$AA?4?$AA?4?$AA?4?$AA?$AN?$AA?6@ 000077e0     common_ti_ethdrv_lan911x:lan911x.obj
 0001:00006824       ??_C@_1DE@NFIEPIMK@?$AAI?$AAn?$AAp?$AAu?$AAt?$AA?5?$AAb?$AAu?$AAf?$AAf?$AAe?$AAr?$AA?5?$AAt?$AAo?$AAo?$AA?5?$AAs?$AAm?$AAa?$AAl?$AAl?$AA?$CB?$AA?$AN?$AA?6?$AA?$AA@ 00007824     common_ti_ethdrv_lan911x:lan911x.obj
 0001:00006858       ??_C@_1EE@DJPMDJBC@?$AAE?$AAr?$AAr?$AAo?$AAr?$AA?5?$AAi?$AAn?$AA?5?$AAr?$AAe?$AAc?$AAe?$AAi?$AAv?$AAe?$AAd?$AA?5?$AAp?$AAa?$AAc?$AAk?$AAe?$AAt?$AA?$CB?$AA?5?$AA?5?$AA0?$AAx?$AA?$CF?$AAx?$AA?$AN@ 00007858     common_ti_ethdrv_lan911x:lan911x.obj
 0001:000068a0       ??_C@_1KI@DMEFCEJ@?$AAC?$AA?3?$AA?2?$AAW?$AAI?$AAN?$AAC?$AAE?$AA6?$AA0?$AA0?$AA?2?$AAP?$AAL?$AAA?$AAT?$AAF?$AAO?$AAR?$AAM?$AA?2?$AAC?$AAO?$AAM?$AAM?$AAO?$AAN?$AA?2?$AAS?$AAR?$AAC?$AA?2@ 000078a0     common_ti_ethdrv_lan911x:lan911x.obj
 0001:00006948       ??_C@_1EG@KGEACGLH@?$AAI?$AAn?$AAv?$AAa?$AAl?$AAi?$AAd?$AA?5?$AAE?$AAt?$AAh?$AAe?$AAr?$AAn?$AAe?$AAt?$AA?5?$AAc?$AAh?$AAi?$AAp?$AA?5?$AAI?$AAD?$AA?5?$AA?$CI?$AA0?$AAx?$AA?$CF?$AAx?$AA?$CJ?$AA?$CB@ 00007948     common_ti_ethdrv_lan911x:lan911x.obj
 0001:00006990       ??_C@_1IE@KFEKGLKJ@?$AA?9?$AAL?$AAA?$AAN?$AA9?$AA1?$AA1?$AAX?$AAI?$AAn?$AAi?$AAt?$AA?$CI?$AAm?$AAa?$AAc?$AA?5?$AA?$DN?$AA?5?$AA?$CF?$AA0?$AA2?$AAx?$AA?3?$AA?$CF?$AA0?$AA2?$AAx?$AA?3?$AA?$CF?$AA0?$AA2@ 00007990     common_ti_ethdrv_lan911x:lan911x.obj
 0001:00006a14       ??_C@_1CM@JIECDPON@?$AA1?$AA0?$AAM?$AAb?$AAp?$AAs?$AA?0?$AA?5?$AAH?$AAa?$AAl?$AAf?$AA?5?$AAD?$AAu?$AAp?$AAl?$AAe?$AAx?$AA?$AN?$AA?6?$AA?$AA@ 00007a14     common_ti_ethdrv_lan911x:lan911x.obj
 0001:00006a40       ??_C@_1CO@CFGPBEPG@?$AA1?$AA0?$AA0?$AAM?$AAb?$AAp?$AAs?$AA?0?$AA?5?$AAH?$AAa?$AAl?$AAf?$AA?5?$AAD?$AAu?$AAp?$AAl?$AAe?$AAx?$AA?$AN?$AA?6?$AA?$AA@ 00007a40     common_ti_ethdrv_lan911x:lan911x.obj
 0001:00006a70       ??_C@_1CM@IHIEPLGN@?$AA1?$AA0?$AAM?$AAb?$AAp?$AAs?$AA?0?$AA?5?$AAF?$AAu?$AAl?$AAl?$AA?5?$AAD?$AAu?$AAp?$AAl?$AAe?$AAx?$AA?$AN?$AA?6?$AA?$AA@ 00007a70     common_ti_ethdrv_lan911x:lan911x.obj
 0001:00006a9c       ??_C@_1CO@DKKJNAHG@?$AA1?$AA0?$AA0?$AAM?$AAb?$AAp?$AAs?$AA?0?$AA?5?$AAF?$AAu?$AAl?$AAl?$AA?5?$AAD?$AAu?$AAp?$AAl?$AAe?$AAx?$AA?$AN?$AA?6?$AA?$AA@ 00007a9c     common_ti_ethdrv_lan911x:lan911x.obj
 0001:00006acc       ??_C@_1DC@ECEBOIGE@?$AAI?$AAn?$AAv?$AAa?$AAl?$AAi?$AAd?$AA?5?$AAm?$AAo?$AAd?$AAe?$AA?5?$AAs?$AAe?$AAt?$AAt?$AAi?$AAn?$AAg?$AA?$CB?$AA?$CB?$AA?$AN?$AA?6?$AA?$AA@ 00007acc     common_ti_ethdrv_lan911x:lan911x.obj
 0001:00006b00       ??_C@_1CG@EEDCFFGI@?$AAL?$AAi?$AAn?$AAk?$AA?5?$AAE?$AAs?$AAt?$AAa?$AAb?$AAl?$AAi?$AAs?$AAh?$AAe?$AAd?$AA?3?$AA?5?$AA?$AA@ 00007b00     common_ti_ethdrv_lan911x:lan911x.obj
 0001:00006b28       ??_C@_1EA@FBJAOFLG@?$AAL?$AAi?$AAn?$AAk?$AA?5?$AAn?$AAo?$AAt?$AA?5?$AAd?$AAe?$AAt?$AAe?$AAc?$AAt?$AAe?$AAd?$AA?$CB?$AA?$CB?$AA?5?$AA?5?$AAA?$AAb?$AAo?$AAr?$AAt?$AAi?$AAn?$AAg?$AA?$AN?$AA?6?$AA?$AA@ 00007b28     common_ti_ethdrv_lan911x:lan911x.obj
 0001:00006b68       ??_C@_1JK@NKCKLILE@?$AAM?$AAA?$AAC?$AA?5?$AAa?$AAd?$AAd?$AAr?$AAe?$AAs?$AAs?$AA?5?$AAn?$AAo?$AAt?$AA?5?$AAf?$AAo?$AAu?$AAn?$AAd?$AA?5?$AAi?$AAn?$AA?5?$AAE?$AAE?$AAP?$AAR?$AAO?$AAM?$AA?$CB@ 00007b68     common_ti_ethdrv_lan911x:lan911x.obj
 0001:00006c08       ??_C@_1GG@FCBDMEID@?$AAS?$AAo?$AAf?$AAt?$AA?5?$AAr?$AAe?$AAs?$AAe?$AAt?$AA?5?$AAt?$AAi?$AAm?$AAe?$AAo?$AAu?$AAt?$AA?$CB?$AA?$CB?$AA?5?$AA?$CI?$AAH?$AAW?$AA_?$AAC?$AAF?$AAG?$AA?5?$AA?$DN?$AA?5?$AA0@ 00007c08     common_ti_ethdrv_lan911x:lan911x.obj
 0001:00006c70       ??_C@_1EO@ELGKCHGO@?$AA?$CL?$AAL?$AAA?$AAN?$AA9?$AA1?$AA1?$AAX?$AAI?$AAn?$AAi?$AAt?$AA?$CI?$AA0?$AAx?$AA?$CF?$AA0?$AA8?$AAx?$AA?0?$AA?5?$AA0?$AAx?$AA?$CF?$AA0?$AA8?$AAx?$AA?0?$AA?5?$AA0?$AAx?$AA?$CF@ 00007c70     common_ti_ethdrv_lan911x:lan911x.obj
 0001:00006de0       ??_C@_1HK@FIHOCGBD@?$AAE?$AAR?$AAR?$AAO?$AAR?$AA?3?$AA?5?$AAG?$AAI?$AAO?$AA_?$AAI?$AAn?$AAi?$AAt?$AA?3?$AA?5?$AAF?$AAa?$AAi?$AAl?$AAe?$AAd?$AA?5?$AAt?$AAo?$AA?5?$AAi?$AAn?$AAi?$AAt?$AAi@ 00007de0     common_ti_oal_gpiodispatch:gpio_dispatch.obj
 0001:00006e5c       ??_C@_19NNFDHLJH@?$AAb?$AAo?$AAo?$AAt?$AA?$AA@ 00007e5c     common_ti_oal_gpiodispatch:gpio_dispatch.obj
 0001:00006e68       DEVICE_IFC_TWL_GUID        00007e68     TPS659xx_oal_gpio:tps659xx_gpio.obj
 0001:00006f98       ??_C@_15BMCNAON@?$AAR?$AAX?$AA?$AA@ 00007f98     OMAP3530_soccfg:devicemap.obj
 0001:00006fa0       ??_C@_15NHJLDDPA@?$AAT?$AAX?$AA?$AA@ 00007fa0     OMAP3530_soccfg:devicemap.obj
 0001:00006fa8       ??_C@_17GHFABBII@?$AAM?$AAM?$AAU?$AA?$AA@ 00007fa8     OMAP3530_soccfg:devicemap.obj
 0001:00006fb0       ??_C@_19EMJFMDEF@?$AAI?$AAR?$AAQ?$AA3?$AA?$AA@ 00007fb0     OMAP3530_soccfg:devicemap.obj
 0001:00006fbc       ??_C@_19PECJKECA@?$AAI?$AAR?$AAQ?$AA2?$AA?$AA@ 00007fbc     OMAP3530_soccfg:devicemap.obj
 0001:00006fc8       ??_C@_19OGJMALMO@?$AAI?$AAR?$AAQ?$AA1?$AA?$AA@ 00007fc8     OMAP3530_soccfg:devicemap.obj
 0001:00006fd4       ??_C@_19FOCAGMKL@?$AAI?$AAR?$AAQ?$AA0?$AA?$AA@ 00007fd4     OMAP3530_soccfg:devicemap.obj
 0001:00006fe0       ??_C@_1BC@JBFPJMDB@?$AAo?$AAv?$AAe?$AAr?$AAf?$AAl?$AAo?$AAw?$AA?$AA@ 00007fe0     OMAP3530_soccfg:devicemap.obj
 0001:00007088       s_DeviceAddressMap         00008088     OMAP3530_soccfg:devicemap.obj
 0001:00007288       s_DeviceIrqMap             00008288     OMAP3530_soccfg:devicemap.obj
 0001:00007770       I2CDefaultI2CTimeout       00008770     bspcfg:bspcfg.obj
 0001:00007778       g_BSP_icL1Level            00008778     bspcfg:bspcfg.obj
 0001:000078f8       ??_C@_1HI@JDGLDLD@?$AAN?$AAA?$AAN?$AAD?$AA?5?$AAm?$AAa?$AAn?$AAu?$AAf?$AAa?$AAc?$AAt?$AAu?$AAr?$AAe?$AAr?$AA?5?$AA?$CF?$AAx?$AA?5?$AAd?$AAe?$AAv?$AAi?$AAc?$AAe?$AA?5?$AA?$CF?$AAx?$AA?5?$AA?3@ 000088f8     bspcfg:bspcfg.obj
 0001:00007a90       ??_C@_0BK@FGOBGFEM@RNDISMINI?5?9?9?9?5RESET?5?9?9?9?$AN?6?$AA@ 00008a90     rne_mdd:rndis.obj
 0001:00007aac       ??_C@_0CK@HCFNMAPL@RNdis?3?3?5Too?5much?5outgoing?0?5baili@ 00008aac     rne_mdd:rndis.obj
 0001:00007ad8       ??_C@_0DK@LOJODLJL@ASSERT?$CB?5Rndis?3?3MddSendRndisMessa@ 00008ad8     rne_mdd:rndis.obj
 0001:00007b14       ??_C@_0DI@ELIDGGNF@ASSERT?5Fail?5at?5uiMessageSize?$CI?$CFd?$CJ@ 00008b14     rne_mdd:rndis.obj
 0001:00007b4c       ??_C@_0CK@BEACHKGH@RNdis?3?3?5No?5mem?5for?5INITIALIZE_CO@ 00008b4c     rne_mdd:rndis.obj
 0001:00007b78       ??_C@_0BN@MJFOLLBM@RNdis?3?3?5Should?5not?5happen?$CB?$AN?6?$AA@ 00008b78     rne_mdd:rndis.obj
 0001:00007b98       ??_C@_0CO@JHJMPDCG@RNDISMINI?5Err?$CB?$CB?5unsupported?5RNDI@ 00008b98     rne_mdd:rndis.obj
 0001:00007bc8       ??_C@_0CP@HEPIJLKK@RndisMdd?3?3?5PDD?8s?5max?5RX?5buffer?5?$DN@ 00008bc8     rne_mdd:rndis.obj
 0001:00007bf8       ??_C@_0CK@JCOPOCLM@ERROR?$CB?5RndisInitialize?5msg?5recei@ 00008bf8     rne_mdd:rndis.obj
 0001:00007c24       ??_C@_0DB@NGCDHJGD@RndisMini?5recv?5REMOTE_NDIS_HALT_@ 00008c24     rne_mdd:rndis.obj
 0001:00007c58       ??_C@_09JBPNJICM@rndis?4cpp?$AA@ 00008c58     rne_mdd:rndis.obj
 0001:00007c64       ??_C@_0BP@HHOMIKAO@ASSERT?5at?5File?$CI?$CFs?$CJ?5line?5?$CI?$CFd?$CJ?$AN?6?$AA@ 00008c64     rne_mdd:rndis.obj
 0001:00007c84       ??_C@_0DB@PAFHLFPB@RndisMini?5rcv?5REMOTE_NDIS_RESET_@ 00008c84     rne_mdd:rndis.obj
 0001:00007cb8       ??_C@_0DA@CMCBBBCA@RNdis?3?3?5Unknown?5RNDIS?5msg?0?5buff?$FL@ 00008cb8     rne_mdd:rndis.obj
 0001:00007ce8       ??_C@_0P@BDJJIKDL@Overrun?$DN0x?$CFx?6?$AN?$AA@ 00008ce8     rne_mdd:rndis.obj
 0001:00007cf8       ??_C@_0BJ@IJMDONAK@Buffer?5is?5too?5big?50x?$CFx?6?$AN?$AA@ 00008cf8     rne_mdd:rndis.obj
 0001:00007d14       ??_C@_0CK@LKMHPIGI@Wrong?5Data?5DataLength?5Msg?$DN0x?$CFx?0P@ 00008d14     rne_mdd:rndis.obj
 0001:00007d40       ??_C@_0CN@OHNGADLJ@RNdis?3?3?5Invalid?5RndisPacket?5l?$FL?$CFd@ 00008d40     rne_mdd:rndis.obj
 0001:00007d70       ??_C@_0BH@HBKBIINO@Wrong?5Data?5Type?50x?$CFx?$AN?6?$AA@ 00008d70     rne_mdd:rndis.obj
 0001:00007d88       ??_C@_0CA@IBGOHNCO@Rndis?3?3?5initialization?3?5Fail?$CB?$AN?6?$AA@ 00008d88     rne_mdd:rndis.obj
 0001:00007da8       ??_C@_0CC@EELLDCCI@Rndis?3?3?5initialization?3?5Success?$AN@ 00008da8     rne_mdd:rndis.obj
 0001:00007dcc       ??_C@_0CD@EOFHIDOL@Rndis?3?3?5Get?5MAC?5address?5?$CFx?0?$CFx?0?$CFx@ 00008dcc     rne_mdd:rndis.obj
 0001:00007df0       ??_C@_0CM@KLOLOCDD@Rndis?3?3?5Err?5no?5MAC?5address?5read?5@ 00008df0     rne_mdd:rndis.obj
 0001:00007e1c       ??_C@_0BL@EINAHMEI@Rndis?3?3?5PDDInit?5Success?$CB?$AN?6?$AA@ 00008e1c     rne_mdd:rndis.obj
 0001:00007e38       ??_C@_0BK@BFGGBGMH@Rndis?3?3?5initialization?$CB?$AN?6?$AA@ 00008e38     rne_mdd:rndis.obj
 0001:00007e54       ??_C@_0CI@PFDJABBD@Rndis?3?3?5Address?5static?5map?5to?5ad@ 00008e54     rne_mdd:rndis.obj
 0001:00007e7c       ??_C@_0CH@LBCKJEJO@Rndis?3?3?5initialization?3?5with?5add@ 00008e7c     rne_mdd:rndis.obj
 0001:00007f38       ??_C@_0BP@JDIDIKNB@OID?$FL?$CFx?$FN?5not?5yet?5implemented?$CB?$AN?6?$AA@ 00008f38     rne_mdd:hostmini.obj
 0001:00007f58       ??_C@_0CP@MKNOHPIM@HostMini?3?3?5New?5filter?5set?3?5?$FL0x?$CFx@ 00008f58     rne_mdd:hostmini.obj
 0001:00007f88       ??_C@_0BE@LPGPNKBH@HostMiniInit?3?3?5?$CB?$CB?$AN?6?$AA@ 00008f88     rne_mdd:hostmini.obj
 0001:00008030       ??_C@_1O@NJEHEHHO@?$AAu?$AAt?$AAi?$AAl?$AA?4?$AAc?$AA?$AA@ 00009030     rne_mdd:util.obj
 0001:000080d0       ??_C@_0BK@BFELHAIB@EthDown?3?3TFTPD_OPEN?3?3?$CFs?$AN?6?$AA@ 000090d0     eboot:ebsimp.obj
 0001:000080ec       ??_C@_0CF@NJGKJDPK@EthDown?3?3Illegal?5Operation?5Code?5@ 000090ec     eboot:ebsimp.obj
 0001:00008114       ??_C@_0BN@HCIGGCJK@Server?5Registration?5Failed?$AN?6?$AA@ 00009114     eboot:ebsimp.obj
 0001:00008134       ??_C@_0CC@OIEKENJI@EbootSimpleTFTP?5not?5initialized?$AN@ 00009134     eboot:ebsimp.obj
 0001:00008158       ??_C@_0BM@GELEBJHM@EbootGratuitousARP?5failed?$AN?6?$AA@ 00009158     eboot:ebsimp.obj
 0001:00008174       ??_C@_0DG@LCJHGIIG@Some?5other?5station?5has?5IP?5Addres@ 00009174     eboot:ebsimp.obj
 0001:000081ac       ??_C@_0DK@ECECEHHP@No?5ARP?5response?5in?5?$CFd?5seconds?0?5a@ 000091ac     eboot:ebsimp.obj
 0001:000081e8       ??_C@_0CO@EJPPGFNA@DHCP?5server?5is?5not?5responding?5?$CB?$CB@ 000091e8     eboot:ebsimp.obj
 0001:00008218       ??_C@_0BL@PFCEMBID@Error?5On?5InitDHCP?$CI?$CJ?5Call?$AN?6?$AA@ 00009218     eboot:ebsimp.obj
 0001:00008234       ??_C@_0DG@KEGBCNMH@Some?5other?5station?5has?5IP?5Addres@ 00009234     eboot:ebsimp.obj
 0001:0000826c       ??_C@_0DA@PMFFKPM@Got?5Response?5from?5DHCP?5server?0?5I@ 0000926c     eboot:ebsimp.obj
 0001:0000829c       ??_C@_0CB@PCBFMPDH@?9EbootSendBootmeAndWaitForTftp?$AN?6@ 0000929c     eboot:ebsimp.obj
 0001:000082c0       ??_C@_0CB@EEDKKNBN@?$CLEbootSendBootmeAndWaitForTftp?$AN?6@ 000092c0     eboot:ebsimp.obj
 0001:000082e4       ??_C@_08NMEDJLNE@boot?4bin?$AA@ 000092e4     eboot:ebsimp.obj
[...]
 0001:00024d80       Device_ProcessEPx_TX       00025d80 f   common_ti_ethdrv_usbfn:pdd.obj
 0001:00024f80       InterruptThread            00025f80 f   common_ti_ethdrv_usbfn:pdd.obj
 0001:000250a0       UfnPdd_IssueTransfer       000260a0 f   common_ti_ethdrv_usbfn:pdd.obj
 0001:000251a0       UfnPdd_AbortTransfer       000261a0 f   common_ti_ethdrv_usbfn:pdd.obj
 0001:00025278       UfnPdd_StallEndpoint       00026278 f   common_ti_ethdrv_usbfn:pdd.obj
 0001:000252f0       UfnPdd_ClearEndpointStall  000262f0 f   common_ti_ethdrv_usbfn:pdd.obj
 0001:0002537c       UfnPdd_IsEndpointHalted    0002637c f   common_ti_ethdrv_usbfn:pdd.obj
 0001:000253f0       UfnPdd_SendControlStatusHandshake 000263f0 f   common_ti_ethdrv_usbfn:pdd.obj
 0001:000254f4       UfnPdd_InitiateRemoteWakeup 000264f4 f   common_ti_ethdrv_usbfn:pdd.obj
 0001:00025524       UfnPdd_PowerDown           00026524 f   common_ti_ethdrv_usbfn:pdd.obj
 0001:0002555c       UfnPdd_PowerUp             0002655c f   common_ti_ethdrv_usbfn:pdd.obj
 0001:00025594       UfnPdd_IOControl           00026594 f   common_ti_ethdrv_usbfn:pdd.obj
 0001:000255e0       UfnPdd_Deinit              000265e0 f   common_ti_ethdrv_usbfn:pdd.obj
 0001:00025610       UfnPdd_DeregisterDevice    00026610 f   common_ti_ethdrv_usbfn:pdd.obj
 0001:00025618       UfnPdd_Stop                00026618 f   common_ti_ethdrv_usbfn:pdd.obj
 0001:0002567c       UfnPdd_DeinitEndpoint      0002667c f   common_ti_ethdrv_usbfn:pdd.obj
 0001:00025684       UfnPdd_InitEndpoint        00026684 f   common_ti_ethdrv_usbfn:pdd.obj
 0001:0002568c       UfnPdd_SetAddress          0002668c f   common_ti_ethdrv_usbfn:pdd.obj
 0001:000256d0       UfnPdd_Start               000266d0 f   common_ti_ethdrv_usbfn:pdd.obj
 0001:00025790       UfnPdd_RegisterDevice      00026790 f   common_ti_ethdrv_usbfn:pdd.obj
 0001:00025adc       UfnPdd_IsEndpointSupportable 00026adc f   common_ti_ethdrv_usbfn:pdd.obj
 0001:00025af8       UfnPdd_IsConfigurationSupportable 00026af8 f   common_ti_ethdrv_usbfn:pdd.obj
 0001:00025be4       UfnPdd_Init                00026be4 f   common_ti_ethdrv_usbfn:pdd.obj
 0002:00000000       g_kitlEthLan911x           00027000     main.obj
 0002:0000002c       g_kitlUsbRndis             0002702c     main.obj
 0002:00000058       g_kitlDevices              00027058     main.obj
 0002:000000a0       g_bootDevices              000270a0     main.obj
 0002:00000100       DefaultMacAddress          00027100     main.obj
 0002:000003f0       dispResMenu                000273f0     menu.obj
 0002:00000438       oppModeMenu35x             00027438     menu.obj
 0002:00000450       oppModeMenu37x             00027450     menu.obj
 0002:00000460       disBacklight               00027460     menu.obj
 0002:00000478       g_menuFlash                00027478     flashmenu.obj
 0002:00000580       g_ulFlashBase              00027580     flash.obj
 0002:00000584       g_ulFlashLengthBytes       00027584     flash.obj
 0002:00000588       g_ulBPartBase              00027588     flash.obj
 0002:0000058c       g_ulBPartLengthBytes       0002758c     flash.obj
 0002:00000590       initialOALLogZones         00027590     oal_log:debug.obj
 0002:00000598       dpCurSettings              00027598     oal_log:debug.obj
 0002:00000a24       gpmc_ecc_hamming_code      00027a24     common_ti_fmd_nand_boot:gpmc_ecc.obj
 0002:00000a34       gpmc_ecc_bch_4bits         00027a34     common_ti_fmd_nand_boot:gpmc_ecc.obj
 0002:00000a44       gpmc_ecc_bch_8bits         00027a44     common_ti_fmd_nand_boot:gpmc_ecc.obj
 0002:00000a58       OMAPCpuInfo                00027a58     OMAP3530_oalcpuver:oalcpuver.obj
 0002:00000aa0       CPUMaxSpeed                00027aa0     OMAP3530_oalcpuver:oalcpuver.obj
 0002:00000ab0       Omap_Gpio                  00027ab0     common_ti_oal_omap_gpio:omap35xx_gpio.obj
 0002:00000bb8       Tps659xx_Gpio              00027bb8     TPS659xx_oal_gpio:tps659xx_gpio.obj
 0002:00000c00       g_dwMeasuredSysClkFreq     00027c00     bspcfg:bspcfg.obj
 0002:00000c04       _rgScaleTable              00027c04     bspcfg:bspcfg.obj
 0002:00000c28       _rgI2CDevice               00027c28     bspcfg:bspcfg.obj
 0002:00000d08       SupportedNands             00027d08     bspcfg:bspcfg.obj
 0002:00000d44       BSPGpioTables              00027d44     bspcfg:bspcfg.obj
 0002:00000d5c       bRndisSendPacketEmpty      00027d5c     rne_mdd:rndis.obj
 0002:00000d90       RNdisMddSupportedOids      00027d90     rne_mdd:hostmini.obj
 0002:00000e20       __security_cookie          00027e20     gsnull:gsnull.obj
 0002:00000e24       __security_cookie_complement 00027e24     gsnull:gsnull.obj
 0002:00000e38       lcd_res_params             00027e38     bsp_display_init:lcd_qvga.obj
 0002:000010c4       g_InterruptData            000280c4     common_ti_ethdrv_rndis:rndis.obj
 0002:00001320       g_CPUFamily                00028320     main.obj
 0002:00011338       EdbgDebugZone              00038338     eth.obj
 0002:00033b44       gpmc_ecc_func              0005ab44     common_ti_fmd_nand_boot:gpmc_ecc.obj
 0002:00033b6c       ?csGpio@@3UCRITICAL_SECTION@@A 0005ab6c     TPS659xx_oal_gpio:tps659xx_gpio.obj
 0002:00033b84       ?g_fGpioPostInit@@3HA      0005ab84     TPS659xx_oal_gpio:tps659xx_gpio.obj
 0002:0003e028       bDoLaunch                  00065028     eboot:tftpd.obj
 0002:0003e02c       TftpPeerAddr               0006502c     eboot:tftpd.obj
 0002:0003f0bc       g_pEP1DataWrapper          000660bc     common_ti_ethdrv_rndis:rndis.obj
 0002:0003f0c0       g_devState                 000660c0     common_ti_ethdrv_rndis:rndis.obj
 0002:0003f0c4       g_EP0TransferState         000660c4     common_ti_ethdrv_rndis:rndis.obj
 0002:0003f0c8       g_EP1TransferState         000660c8     common_ti_ethdrv_rndis:rndis.obj
 0002:0003f0cc       g_EP2TransferState         000660cc     common_ti_ethdrv_rndis:rndis.obj
 0002:0003f0d0       g_EP3TransferState         000660d0     common_ti_ethdrv_rndis:rndis.obj
 0002:0003f0d4       gDevice_prefix             000660d4     <common>
 0002:0003f0e0       g_eboot                    000660e0     <common>
 0002:0003f228       g_ecctype                  00066228     <common>
 0002:0003f240       g_bootCfg                  00066240     <common>
 0002:0003f2c0       szSprintf                  000662c0     <common>
 0002:0003f2c4       g_pOEMVerifyMemory         000662c4     <common>
 0002:0003f2c8       g_dwROMOffset              000662c8     <common>
 0002:0003f2cc       g_pOEMReportError          000662cc     <common>
 0002:0003f2d0       g_pOEMMultiBINNotify       000662d0     <common>
 0002:0003f2d4       g_pOEMCheckSignature       000662d4     <common>
 0002:0003f2e0       g_oalCacheInfo             000662e0     <common>
 0002:0003f328       map                        00066328     <common>
 0002:0003f32c       nbBlock                    0006632c     <common>
 0002:0003f330       poolSize                   00066330     <common>
 0002:0003f334       pool                       00066334     <common>
 0002:0003f338       ExtendedPartionBaseSector  00066338     <common>
 0002:0003f340       MMCcmd                     00066340     <common>
 0002:0003f3c0       File                       000663c0     <common>
 0002:0003f5e4       pFile                      000665e4     <common>
 0002:0003f600       Request                    00066600     <common>
 0002:0003f660       fileio_ops                 00066660     <common>
 0002:0003f680       Disk                       00066680     <common>
 0002:0003f6b8       m_fFirstTime               000666b8     <common>
 0002:0003f6bc       m_dwCPURev                 000666bc     <common>
 0002:0003f6c0       m_fMMCMode                 000666c0     <common>
 0002:0003f6c4       m_dwSlot                   000666c4     <common>
 0002:0003f6c8       m_fCardPresent             000666c8     <common>
 0002:0003f6cc       m_dwMaxTimeout             000666cc     <common>
 0002:0003f6d0       m_fInitialized             000666d0     <common>
 0002:0003f6d4       m_fAppCmdMode              000666d4     <common>
 0002:0003f6d8       m_fCardInitialized         000666d8     <common>
 0002:0003f6dc       g_hGPIO                    000666dc     <common>
 0002:0003f6e0       m_dwSDIOCard               000666e0     <common>
 0002:0003f6e4       m_pbRegisters              000666e4     <common>
 0002:0003f6e8       m_TransferClass            000666e8     <common>
 0002:0003f6ec       m_dwMaxClockRate           000666ec     <common>
 0002:0003f700       g_usbfnpdd                 00066700     <common>
 0002:0003f880       g_EP0DataWrapper           00066880     <common>
 0002:0003f890       MDDZONE5                   00066890     <common>
 0002:0003f898       g_mddInterface             00066898     <common>
 0002:0003f8a0       g_EP1Transfer              000668a0     <common>
 0002:0003f8c0       g_RndisKitlDev             000668c0     <common>
 0002:0003fd08       g_udr                      00066d08     <common>
 0002:0003fd10       MDDZONE4                   00066d10     <common>
 0002:0003fd14       PDDZONE                    00066d14     <common>
 0002:0003fd20       g_EP3Transfer              00066d20     <common>
 0002:0003fd40       g_pddInterface             00066d40     <common>
 0002:0003fda0       MDDZONE3                   00066da0     <common>
 0002:0003fdc0       g_EP2Transfer              00066dc0     <common>
 0002:0003fde0       PDDZONE0                   00066de0     <common>
 0002:0003fe00       g_EP0Transfer              00066e00     <common>
 0002:0003fe20       MDDZONE0                   00066e20     <common>
 0002:0003fe24       MDDZONE                    00066e24     <common>
 0002:0003fe28       MDDZONE2                   00066e28     <common>
 0002:0003fe40       RndisMdd                   00066e40     <common>
 0002:0003ff20       TFtpLinks                  00066f20     <common>
 0002:000407e0       wOdoWellKnownServerPort    000677e0     <common>
 0002:000407e2       wHostWellKnownServerPort   000677e2     <common>
 0002:000407e4       nNumTFtpLinksInUse         000677e4     <common>
 0002:00040800       TFTPFrameBuffer            00067800     <common>
 0002:00040c40       TFtpdServerRegistry        00067c40     <common>
 0002:00040d08       g_dwLogoPosX               00067d08     <common>
 0002:00040d0c       g_dwLogoPosY               00067d0c     <common>
 0002:00040d10       g_dwLogoHeight             00067d10     <common>
 0002:00040d14       g_dwLogoWidth              00067d14     <common>

 entry point at        0001:00000000

 Static symbols

 0001:0000ce8c       OEMPlatformDeinit          0000de8c f   main.obj
 0001:0000ddc4       SetMacAddress              0000edc4 f   menu.obj
 0001:0000df60       ShowNetworkSettings        0000ef60 f   menu.obj
 0001:0000e14c       SetKitlMode                0000f14c f   menu.obj
 0001:0000e1d4       SetKitlType                0000f1d4 f   menu.obj
 0001:0000e25c       SetRetailMsgMode           0000f25c f   menu.obj
 0001:0000e2e4       SetDisplayResolution       0000f2e4 f   menu.obj
 0001:0000e39c       SetOPPmode                 0000f39c f   menu.obj
 0001:0000e470       SetBacklight               0000f470 f   menu.obj
 0001:0000e540       SaveSettings               0000f540 f   menu.obj
 0001:0000e5ec       ShowSDCardSettings         0000f5ec f   menu.obj
 0001:0000e61c       EnterSDCardFilename        0000f61c f   menu.obj
 0001:0000e648       ShowSettings               0000f648 f   menu.obj
 0001:0000e798       SetDeviceID                0000f798 f   menu.obj
 0001:0000e828       ShowFlashGeometry          0000f828 f   flashmenu.obj
 0001:0000ea24       EraseFlash                 0000fa24 f   flashmenu.obj
 0001:0000eb8c       EraseBlock                 0000fb8c f   flashmenu.obj
 0001:0000edc0       ReserveBlock               0000fdc0 f   flashmenu.obj
 0001:0000ef84       DumpFlash                  0000ff84 f   flashmenu.obj
 0001:0000f248       SetBadBlock                00010248 f   flashmenu.obj
 0001:0000f31c       FormatFlash                0001031c f   flashmenu.obj
 0001:0000f36c       EnableFlashNK              0001036c f   flashmenu.obj
 0001:0000f3f4       SetECCType                 000103f4 f   flashmenu.obj
 0001:000105b0       GetFormatValue             000115b0 f   oal_blnk:format.obj
 0001:00010f7c       GetImageType               00011f7c f   oal_blcommon:blcommon.obj
 0001:000110bc       CheckImageManifest         000120bc f   oal_blcommon:blcommon.obj
 0001:000111e8       DownloadNB0                000121e8 f   oal_blcommon:blcommon.obj
 0001:000113e8       WriteImageToFlash          000123e8 f   oal_blcommon:blcommon.obj
 0001:000114c8       IsKernelRegion             000124c8 f   oal_blcommon:blcommon.obj
 0001:00011584       DownloadBin                00012584 f   oal_blcommon:blcommon.obj
 0001:0001199c       DownloadImage              0001299c f   oal_blcommon:blcommon.obj
 0001:00011df8       pOutputByte                00012df8 f   oal_blcommon:format.obj
 0001:00011e28       pOutputNumHex              00012e28 f   oal_blcommon:format.obj
 0001:00011e70       pOutputNumDecimal          00012e70 f   oal_blcommon:format.obj
 0001:000123b4       NAND_Read                  000133b4 f   common_ti_fmd_nand_boot:fmd.obj
 0001:000124b4       NAND_Write                 000134b4 f   common_ti_fmd_nand_boot:fmd.obj
 0001:000125bc       NAND_Enable                000135bc f   common_ti_fmd_nand_boot:fmd.obj
 0001:0001317c       NAND_Initialize            0001417c f   common_ti_fmd_nand_boot:fmd.obj
 0001:000134b8       Hamming_ECC_Init           000144b8 f   common_ti_fmd_nand_boot:gpmc_ecc.obj
 0001:000134e8       Hamming_ECC_Calculate      000144e8 f   common_ti_fmd_nand_boot:gpmc_ecc.obj
 0001:00013550       Hamming_ECC_Reset          00014550 f   common_ti_fmd_nand_boot:gpmc_ecc.obj
 0001:00013560       Hamming_ECC_CorrectData    00014560 f   common_ti_fmd_nand_boot:gpmc_ecc.obj
 0001:00013678       BCH4_ECC_Init              00014678 f   common_ti_fmd_nand_boot:gpmc_ecc.obj
 0001:000136f0       BCH4_ECC_Calculate         000146f0 f   common_ti_fmd_nand_boot:gpmc_ecc.obj
 0001:00013790       BCH4_ECC_Reset             00014790 f   common_ti_fmd_nand_boot:gpmc_ecc.obj
 0001:000137a0       BCH8_ECC_Init              000147a0 f   common_ti_fmd_nand_boot:gpmc_ecc.obj
 0001:00013818       BCH8_ECC_Calculate         00014818 f   common_ti_fmd_nand_boot:gpmc_ecc.obj
 0001:00013918       BCH8_ECC_Reset             00014918 f   common_ti_fmd_nand_boot:gpmc_ecc.obj
 0001:00013a58       BCH_correct_data           00014a58 f   common_ti_fmd_nand_boot:gpmc_ecc.obj
 0001:00013bb4       BCH4_ECC_CorrectData       00014bb4 f   common_ti_fmd_nand_boot:gpmc_ecc.obj
 0001:00013be8       BCH8_ECC_CorrectData       00014be8 f   common_ti_fmd_nand_boot:gpmc_ecc.obj
 0001:00013c1c       mpy_mod_gf                 00014c1c f   common_ti_fmd_nand_boot:omap_bch_decoder.obj
 0001:00013c7c       chien                      00014c7c f   common_ti_fmd_nand_boot:omap_bch_decoder.obj
 0001:00013edc       berlekamp                  00014edc f   common_ti_fmd_nand_boot:omap_bch_decoder.obj
 0001:0001414c       syndrome                   0001514c f   common_ti_fmd_nand_boot:omap_bch_decoder.obj
 0001:00014848       I2CResetDevice             00015848 f   common_ti_oali2c:oali2c.obj
 0001:00014b00       I2CTransaction             00015b00 f   common_ti_oali2c:oali2c.obj
 0001:00016f08       InitializeHardware         00017f08 f   common_ti_boot_sdhc:sdhc.obj
 0001:00017044       MmcReset                   00018044 f   common_ti_boot_sdhc:sdhc.obj
 0001:0001721c       SendInitSequence           0001821c f   common_ti_boot_sdhc:sdhc.obj
 0001:000172e8       SendCommand                000182e8 f   common_ti_boot_sdhc:sdhc.obj
 0001:000175a0       GetCommandResponse         000185a0 f   common_ti_boot_sdhc:sdhc.obj
 0001:000176fc       SDIPollingReceive          000186fc f   common_ti_boot_sdhc:sdhc.obj
 0001:000179f0       CommandCompleteHandler     000189f0 f   common_ti_boot_sdhc:sdhc.obj
 0001:00017ca8       SdhcControllerInit         00018ca8 f   common_ti_boot_sdhc:sdhc.obj
 0001:00017e54       ReadPhy                    00018e54 f   common_ti_ethdrv_lan911x:lan911x.obj
 0001:000182dc       LAN911XEepromWrite         000192dc f   common_ti_ethdrv_lan911x:lan911x.obj
 0001:00018ac8       GetGroupByID               00019ac8 f   common_ti_oal_gpiodispatch:gpio_dispatch.obj
 0001:00018d94       ?OmapGpioPostInit@@YAHPAX@Z 00019d94 f   common_ti_oal_omap_gpio:omap35xx_gpio.obj
 0001:00018dec       ?OmapGpioDeinit@@YAHPAX@Z  00019dec f   common_ti_oal_omap_gpio:omap35xx_gpio.obj
 0001:00018ebc       ?OmapGpioSetMode@@YAHPAXII@Z 00019ebc f   common_ti_oal_omap_gpio:omap35xx_gpio.obj
 0001:00018fe4       ?OmapGpioGetMode@@YAKPAXI@Z 00019fe4 f   common_ti_oal_omap_gpio:omap35xx_gpio.obj
 0001:000190d8       ?OmapGpioPullup@@YAHPAXII@Z 0001a0d8 f   common_ti_oal_omap_gpio:omap35xx_gpio.obj
 0001:000190e0       ?OmapGpioPulldown@@YAHPAXII@Z 0001a0e0 f   common_ti_oal_omap_gpio:omap35xx_gpio.obj
 0001:000190e8       ?OmapGpioSetBit@@YAHPAXI@Z 0001a0e8 f   common_ti_oal_omap_gpio:omap35xx_gpio.obj
 0001:000191a0       ?OmapGpioClrBit@@YAHPAXI@Z 0001a1a0 f   common_ti_oal_omap_gpio:omap35xx_gpio.obj
 0001:00019258       ?OmapGpioGetBit@@YAKPAXI@Z 0001a258 f   common_ti_oal_omap_gpio:omap35xx_gpio.obj
 0001:00019304       ?OmapGpioIoControl@@YAHPAXIPAEI1IPAK@Z 0001a304 f   common_ti_oal_omap_gpio:omap35xx_gpio.obj
 0001:0001930c       ?OmapGpioInit@@YAHPBGPAPAXPAI@Z 0001a30c f   common_ti_oal_omap_gpio:omap35xx_gpio.obj
 0001:00019464       ?WriteTwlReg@@YAHKPAEI@Z   0001a464 f   TPS659xx_oal_gpio:tps659xx_gpio.obj
 0001:000194bc       ?ReadTwlReg@@YAHKPAEI@Z    0001a4bc f   TPS659xx_oal_gpio:tps659xx_gpio.obj
 0001:00019514       ?Tps659xxGpioInit@@YAHPBGPAPAXPAI@Z 0001a514 f   TPS659xx_oal_gpio:tps659xx_gpio.obj
 0001:00019524       ?Tps659xxGpioPostInit@@YAHPAX@Z 0001a524 f   TPS659xx_oal_gpio:tps659xx_gpio.obj
 0001:0001954c       ?Tps659xxGpioDeinit@@YAHPAX@Z 0001a54c f   TPS659xx_oal_gpio:tps659xx_gpio.obj
 0001:0001958c       ?Tps659xxGpioSetMode@@YAHPAXII@Z 0001a58c f   TPS659xx_oal_gpio:tps659xx_gpio.obj
 0001:000196f4       ?Tps659xxGpioGetMode@@YAKPAXI@Z 0001a6f4 f   TPS659xx_oal_gpio:tps659xx_gpio.obj
 0001:000197c4       ?Tps659xxGpioPullup@@YAHPAXII@Z 0001a7c4 f   TPS659xx_oal_gpio:tps659xx_gpio.obj
 0001:00019878       ?Tps659xxGpioPulldown@@YAHPAXII@Z 0001a878 f   TPS659xx_oal_gpio:tps659xx_gpio.obj
 0001:0001992c       ?Tps659xxGpioSetBit@@YAHPAXI@Z 0001a92c f   TPS659xx_oal_gpio:tps659xx_gpio.obj
 0001:00019984       ?Tps659xxGpioClrBit@@YAHPAXI@Z 0001a984 f   TPS659xx_oal_gpio:tps659xx_gpio.obj
 0001:000199dc       ?Tps659xxGpioGetBit@@YAKPAXI@Z 0001a9dc f   TPS659xx_oal_gpio:tps659xx_gpio.obj
 0001:00019a38       ?Tps659xxGpioIoControl@@YAHPAXIPAEI1IPAK@Z 0001aa38 f   TPS659xx_oal_gpio:tps659xx_gpio.obj
 0001:0001d0fc       EbootSimpleCallback        0001e0fc f   eboot:ebsimp.obj
 0001:0001e898       CRC                        0001f898 f   eboot:udp.obj
 0001:0001f054       FormatDHCPName             00020054 f   eboot:dhcp.obj
 0001:00020f78       SeekToBlock                00021f78 f   common_ti_oal_flashstore:flashstore.obj
 0001:000213fc       BpbCopy                    000223fc f   common_ti_boot_fatfs:fileio.obj
 0001:0002156c       FileIoReadNextSectors      0002256c f   common_ti_boot_fatfs:fileio.obj
 0001:000220a0       PDD_SendNotification       000230a0 f   common_ti_ethdrv_rndis:rndis.obj
 0001:000220cc       PDD_RecvNotification       000230cc f   common_ti_ethdrv_rndis:rndis.obj
 0001:000235c8       xtoa                       000245c8 f   fulllibc:xtoa.obj
 0001:00023f1c       ContinueTxTransfer         00024f1c f   common_ti_ethdrv_usbfn:pdd.obj
 0001:0002424c       StartRxTransfer            0002524c f   common_ti_ethdrv_usbfn:pdd.obj
